Archive member included to satisfy reference by file (symbol)

C:/ST/STM32CubeIDE_1.18.0/STM32CubeIDE/plugins/com.st.stm32cube.ide.mcu.externaltools.gnu-tools-for-stm32.13.3.rel1.win32_1.0.0.202411081344/tools/bin/../lib/gcc/arm-none-eabi/13.3.1/../../../../arm-none-eabi/lib/thumb/v7-m/nofp\libc_nano.a(libc_a-exit.o)
                              C:/ST/STM32CubeIDE_1.18.0/STM32CubeIDE/plugins/com.st.stm32cube.ide.mcu.externaltools.gnu-tools-for-stm32.13.3.rel1.win32_1.0.0.202411081344/tools/bin/../lib/gcc/arm-none-eabi/13.3.1/../../../../arm-none-eabi/lib/thumb/v7-m/nofp/crt0.o (exit)
C:/ST/STM32CubeIDE_1.18.0/STM32CubeIDE/plugins/com.st.stm32cube.ide.mcu.externaltools.gnu-tools-for-stm32.13.3.rel1.win32_1.0.0.202411081344/tools/bin/../lib/gcc/arm-none-eabi/13.3.1/../../../../arm-none-eabi/lib/thumb/v7-m/nofp\libc_nano.a(libc_a-findfp.o)
                              C:/ST/STM32CubeIDE_1.18.0/STM32CubeIDE/plugins/com.st.stm32cube.ide.mcu.externaltools.gnu-tools-for-stm32.13.3.rel1.win32_1.0.0.202411081344/tools/bin/../lib/gcc/arm-none-eabi/13.3.1/../../../../arm-none-eabi/lib/thumb/v7-m/nofp\libc_nano.a(libc_a-exit.o) (__stdio_exit_handler)
C:/ST/STM32CubeIDE_1.18.0/STM32CubeIDE/plugins/com.st.stm32cube.ide.mcu.externaltools.gnu-tools-for-stm32.13.3.rel1.win32_1.0.0.202411081344/tools/bin/../lib/gcc/arm-none-eabi/13.3.1/../../../../arm-none-eabi/lib/thumb/v7-m/nofp\libc_nano.a(libc_a-fwalk.o)
                              C:/ST/STM32CubeIDE_1.18.0/STM32CubeIDE/plugins/com.st.stm32cube.ide.mcu.externaltools.gnu-tools-for-stm32.13.3.rel1.win32_1.0.0.202411081344/tools/bin/../lib/gcc/arm-none-eabi/13.3.1/../../../../arm-none-eabi/lib/thumb/v7-m/nofp\libc_nano.a(libc_a-findfp.o) (_fwalk_sglue)
C:/ST/STM32CubeIDE_1.18.0/STM32CubeIDE/plugins/com.st.stm32cube.ide.mcu.externaltools.gnu-tools-for-stm32.13.3.rel1.win32_1.0.0.202411081344/tools/bin/../lib/gcc/arm-none-eabi/13.3.1/../../../../arm-none-eabi/lib/thumb/v7-m/nofp\libc_nano.a(libc_a-stdio.o)
                              C:/ST/STM32CubeIDE_1.18.0/STM32CubeIDE/plugins/com.st.stm32cube.ide.mcu.externaltools.gnu-tools-for-stm32.13.3.rel1.win32_1.0.0.202411081344/tools/bin/../lib/gcc/arm-none-eabi/13.3.1/../../../../arm-none-eabi/lib/thumb/v7-m/nofp\libc_nano.a(libc_a-findfp.o) (__sread)
C:/ST/STM32CubeIDE_1.18.0/STM32CubeIDE/plugins/com.st.stm32cube.ide.mcu.externaltools.gnu-tools-for-stm32.13.3.rel1.win32_1.0.0.202411081344/tools/bin/../lib/gcc/arm-none-eabi/13.3.1/../../../../arm-none-eabi/lib/thumb/v7-m/nofp\libc_nano.a(libc_a-memset.o)
                              C:/ST/STM32CubeIDE_1.18.0/STM32CubeIDE/plugins/com.st.stm32cube.ide.mcu.externaltools.gnu-tools-for-stm32.13.3.rel1.win32_1.0.0.202411081344/tools/bin/../lib/gcc/arm-none-eabi/13.3.1/../../../../arm-none-eabi/lib/thumb/v7-m/nofp/crt0.o (memset)
C:/ST/STM32CubeIDE_1.18.0/STM32CubeIDE/plugins/com.st.stm32cube.ide.mcu.externaltools.gnu-tools-for-stm32.13.3.rel1.win32_1.0.0.202411081344/tools/bin/../lib/gcc/arm-none-eabi/13.3.1/../../../../arm-none-eabi/lib/thumb/v7-m/nofp\libc_nano.a(libc_a-closer.o)
                              C:/ST/STM32CubeIDE_1.18.0/STM32CubeIDE/plugins/com.st.stm32cube.ide.mcu.externaltools.gnu-tools-for-stm32.13.3.rel1.win32_1.0.0.202411081344/tools/bin/../lib/gcc/arm-none-eabi/13.3.1/../../../../arm-none-eabi/lib/thumb/v7-m/nofp\libc_nano.a(libc_a-stdio.o) (_close_r)
C:/ST/STM32CubeIDE_1.18.0/STM32CubeIDE/plugins/com.st.stm32cube.ide.mcu.externaltools.gnu-tools-for-stm32.13.3.rel1.win32_1.0.0.202411081344/tools/bin/../lib/gcc/arm-none-eabi/13.3.1/../../../../arm-none-eabi/lib/thumb/v7-m/nofp\libc_nano.a(libc_a-reent.o)
                              C:/ST/STM32CubeIDE_1.18.0/STM32CubeIDE/plugins/com.st.stm32cube.ide.mcu.externaltools.gnu-tools-for-stm32.13.3.rel1.win32_1.0.0.202411081344/tools/bin/../lib/gcc/arm-none-eabi/13.3.1/../../../../arm-none-eabi/lib/thumb/v7-m/nofp\libc_nano.a(libc_a-closer.o) (errno)
C:/ST/STM32CubeIDE_1.18.0/STM32CubeIDE/plugins/com.st.stm32cube.ide.mcu.externaltools.gnu-tools-for-stm32.13.3.rel1.win32_1.0.0.202411081344/tools/bin/../lib/gcc/arm-none-eabi/13.3.1/../../../../arm-none-eabi/lib/thumb/v7-m/nofp\libc_nano.a(libc_a-impure.o)
                              C:/ST/STM32CubeIDE_1.18.0/STM32CubeIDE/plugins/com.st.stm32cube.ide.mcu.externaltools.gnu-tools-for-stm32.13.3.rel1.win32_1.0.0.202411081344/tools/bin/../lib/gcc/arm-none-eabi/13.3.1/../../../../arm-none-eabi/lib/thumb/v7-m/nofp\libc_nano.a(libc_a-reent.o) (_impure_ptr)
C:/ST/STM32CubeIDE_1.18.0/STM32CubeIDE/plugins/com.st.stm32cube.ide.mcu.externaltools.gnu-tools-for-stm32.13.3.rel1.win32_1.0.0.202411081344/tools/bin/../lib/gcc/arm-none-eabi/13.3.1/../../../../arm-none-eabi/lib/thumb/v7-m/nofp\libc_nano.a(libc_a-lseekr.o)
[...]
Memory Configuration

Name             Origin             Length             Attributes
RAM              0x20000000         0x00005000         xrw
FLASH            0x08000000         0x00010000         xr
*default*        0x00000000         0xffffffff

Linker script and memory map

LOAD C:/ST/STM32CubeIDE_1.18.0/STM32CubeIDE/plugins/com.st.stm32cube.ide.mcu.externaltools.gnu-tools-for-stm32.13.3.rel1.win32_1.0.0.202411081344/tools/bin/../lib/gcc/arm-none-eabi/13.3.1/thumb/v7-m/nofp/crti.o
LOAD C:/ST/STM32CubeIDE_1.18.0/STM32CubeIDE/plugins/com.st.stm32cube.ide.mcu.externaltools.gnu-tools-for-stm32.13.3.rel1.win32_1.0.0.202411081344/tools/bin/../lib/gcc/arm-none-eabi/13.3.1/thumb/v7-m/nofp/crtbegin.o
LOAD C:/ST/STM32CubeIDE_1.18.0/STM32CubeIDE/plugins/com.st.stm32cube.ide.mcu.externaltools.gnu-tools-for-stm32.13.3.rel1.win32_1.0.0.202411081344/tools/bin/../lib/gcc/arm-none-eabi/13.3.1/../../../../arm-none-eabi/lib/thumb/v7-m/nofp/crt0.o
LOAD ./Core/Src/ACC.o
LOAD ./Core/Src/ACC_Replacement.o
LOAD ./Core/Src/Motor.o
LOAD ./Core/Src/Ultrasonic.o
LOAD ./Core/Src/main.o
LOAD ./Core/Src/stm32f1xx_hal_msp.o
LOAD ./Core/Src/stm32f1xx_it.o
LOAD ./Core/Src/syscalls.o
LOAD ./Core/Src/sysmem.o
LOAD ./Core/Src/system_stm32f1xx.o
LOAD ./Core/Startup/startup_stm32f103c8tx.o
LOAD ./Drivers/STM32F1xx_HAL_Driver/Src/stm32f1xx_hal.o
LOAD ./Drivers/STM32F1xx_HAL_Driver/Src/stm32f1xx_hal_cortex.o
LOAD ./Drivers/STM32F1xx_HAL_Driver/Src/stm32f1xx_hal_dma.o
LOAD ./Drivers/STM32F1xx_HAL_Driver/Src/stm32f1xx_hal_exti.o
LOAD ./Drivers/STM32F1xx_HAL_Driver/Src/stm32f1xx_hal_flash.o
LOAD ./Drivers/STM32F1xx_HAL_Driver/Src/stm32f1xx_hal_flash_ex.o
LOAD ./Drivers/STM32F1xx_HAL_Driver/Src/stm32f1xx_hal_gpio.o
LOAD ./Drivers/STM32F1xx_HAL_Driver/Src/stm32f1xx_hal_gpio_ex.o
LOAD ./Drivers/STM32F1xx_HAL_Driver/Src/stm32f1xx_hal_i2c.o
LOAD ./Drivers/STM32F1xx_HAL_Driver/Src/stm32f1xx_hal_pwr.o
LOAD ./Drivers/STM32F1xx_HAL_Driver/Src/stm32f1xx_hal_rcc.o
LOAD ./Drivers/STM32F1xx_HAL_Driver/Src/stm32f1xx_hal_rcc_ex.o
LOAD ./Drivers/STM32F1xx_HAL_Driver/Src/stm32f1xx_hal_tim.o
LOAD ./Drivers/STM32F1xx_HAL_Driver/Src/stm32f1xx_hal_tim_ex.o
LOAD ./Drivers/STM32F1xx_HAL_Driver/Src/stm32f1xx_hal_uart.o
START GROUP
LOAD C:/ST/STM32CubeIDE_1.18.0/STM32CubeIDE/plugins/com.st.stm32cube.ide.mcu.externaltools.gnu-tools-for-stm32.13.3.rel1.win32_1.0.0.202411081344/tools/bin/../lib/gcc/arm-none-eabi/13.3.1/../../../../arm-none-eabi/lib/thumb/v7-m/nofp\libc_nano.a
LOAD C:/ST/STM32CubeIDE_1.18.0/STM32CubeIDE/plugins/com.st.stm32cube.ide.mcu.externaltools.gnu-tools-for-stm32.13.3.rel1.win32_1.0.0.202411081344/tools/bin/../lib/gcc/arm-none-eabi/13.3.1/../../../../arm-none-eabi/lib/thumb/v7-m/nofp\libm.a
END GROUP
START GROUP
LOAD C:/ST/STM32CubeIDE_1.18.0/STM32CubeIDE/plugins/com.st.stm32cube.ide.mcu.externaltools.gnu-tools-for-stm32.13.3.rel1.win32_1.0.0.202411081344/tools/bin/../lib/gcc/arm-none-eabi/13.3.1/thumb/v7-m/nofp\libgcc.a
LOAD C:/ST/STM32CubeIDE_1.18.0/STM32CubeIDE/plugins/com.st.stm32cube.ide.mcu.externaltools.gnu-tools-for-stm32.13.3.rel1.win32_1.0.0.202411081344/tools/bin/../lib/gcc/arm-none-eabi/13.3.1/../../../../arm-none-eabi/lib/thumb/v7-m/nofp\libc_nano.a
END GROUP
START GROUP
LOAD C:/ST/STM32CubeIDE_1.18.0/STM32CubeIDE/plugins/com.st.stm32cube.ide.mcu.externaltools.gnu-tools-for-stm32.13.3.rel1.win32_1.0.0.202411081344/tools/bin/../lib/gcc/arm-none-eabi/13.3.1/thumb/v7-m/nofp\libgcc.a
LOAD C:/ST/STM32CubeIDE_1.18.0/STM32CubeIDE/plugins/com.st.stm32cube.ide.mcu.externaltools.gnu-tools-for-stm32.13.3.rel1.win32_1.0.0.202411081344/tools/bin/../lib/gcc/arm-none-eabi/13.3.1/../../../../arm-none-eabi/lib/thumb/v7-m/nofp\libc_nano.a
LOAD C:/ST/STM32CubeIDE_1.18.0/STM32CubeIDE/plugins/com.st.stm32cube.ide.mcu.externaltools.gnu-tools-for-stm32.13.3.rel1.win32_1.0.0.202411081344/tools/bin/../lib/gcc/arm-none-eabi/13.3.1/../../../../arm-none-eabi/lib/thumb/v7-m/nofp\libnosys.a
END GROUP
START GROUP
LOAD C:/ST/STM32CubeIDE_1.18.0/STM32CubeIDE/plugins/com.st.stm32cube.ide.mcu.externaltools.gnu-tools-for-stm32.13.3.rel1.win32_1.0.0.202411081344/tools/bin/../lib/gcc/arm-none-eabi/13.3.1/thumb/v7-m/nofp\libgcc.a
LOAD C:/ST/STM32CubeIDE_1.18.0/STM32CubeIDE/plugins/com.st.stm32cube.ide.mcu.externaltools.gnu-tools-for-stm32.13.3.rel1.win32_1.0.0.202411081344/tools/bin/../lib/gcc/arm-none-eabi/13.3.1/../../../../arm-none-eabi/lib/thumb/v7-m/nofp\libc_nano.a
LOAD C:/ST/STM32CubeIDE_1.18.0/STM32CubeIDE/plugins/com.st.stm32cube.ide.mcu.externaltools.gnu-tools-for-stm32.13.3.rel1.win32_1.0.0.202411081344/tools/bin/../lib/gcc/arm-none-eabi/13.3.1/../../../../arm-none-eabi/lib/thumb/v7-m/nofp\libnosys.a
END GROUP
LOAD C:/ST/STM32CubeIDE_1.18.0/STM32CubeIDE/plugins/com.st.stm32cube.ide.mcu.externaltools.gnu-tools-for-stm32.13.3.rel1.win32_1.0.0.202411081344/tools/bin/../lib/gcc/arm-none-eabi/13.3.1/thumb/v7-m/nofp/crtend.o
LOAD C:/ST/STM32CubeIDE_1.18.0/STM32CubeIDE/plugins/com.st.stm32cube.ide.mcu.externaltools.gnu-tools-for-stm32.13.3.rel1.win32_1.0.0.202411081344/tools/bin/../lib/gcc/arm-none-eabi/13.3.1/thumb/v7-m/nofp/crtn.o
                0x20005000                        _estack = (ORIGIN (RAM) + LENGTH (RAM))
                0x00000200                        _Min_Heap_Size = 0x200
                0x00000400                        _Min_Stack_Size = 0x400

.isr_vector     0x08000000      0x10c
                0x08000000                        . = ALIGN (0x4)
 *(.isr_vector)
 .isr_vector    0x08000000      0x10c ./Core/Startup/startup_stm32f103c8tx.o
                0x08000000                g_pfnVectors
                0x0800010c                        . = ALIGN (0x4)

.text           0x0800010c     0x44e0
                0x0800010c                        . = ALIGN (0x4)
 *(.text)
 .text          0x0800010c       0x40 C:/ST/STM32CubeIDE_1.18.0/STM32CubeIDE/plugins/com.st.stm32cube.ide.mcu.externaltools.gnu-tools-for-stm32.13.3.rel1.win32_1.0.0.202411081344/tools/bin/../lib/gcc/arm-none-eabi/13.3.1/thumb/v7-m/nofp/crtbegin.o
 .text          0x0800014c      0x21c C:/ST/STM32CubeIDE_1.18.0/STM32CubeIDE/plugins/com.st.stm32cube.ide.mcu.externaltools.gnu-tools-for-stm32.13.3.rel1.win32_1.0.0.202411081344/tools/bin/../lib/gcc/arm-none-eabi/13.3.1/thumb/v7-m/nofp\libgcc.a(_arm_addsubsf3.o)
                0x0800014c                __aeabi_frsub
                0x08000154                __subsf3
                0x08000154                __aeabi_fsub
                0x08000158                __aeabi_fadd
                0x08000158                __addsf3
                0x080002b8                __aeabi_ui2f
                0x080002b8                __floatunsisf
                0x080002c0                __aeabi_i2f
                0x080002c0                __floatsisf
                0x080002dc                __aeabi_ul2f
                0x080002dc                __floatundisf
                0x080002ec                __aeabi_l2f
                0x080002ec                __floatdisf
 .text          0x08000368      0x2a0 C:/ST/STM32CubeIDE_1.18.0/STM32CubeIDE/plugins/com.st.stm32cube.ide.mcu.externaltools.gnu-tools-for-stm32.13.3.rel1.win32_1.0.0.202411081344/tools/bin/../lib/gcc/arm-none-eabi/13.3.1/thumb/v7-m/nofp\libgcc.a(_arm_muldivsf3.o)
                0x08000368                __mulsf3
                0x08000368                __aeabi_fmul
                0x080004d0                __aeabi_fdiv
                0x080004d0                __divsf3
 .text          0x08000608       0x40 C:/ST/STM32CubeIDE_1.18.0/STM32CubeIDE/plugins/com.st.stm32cube.ide.mcu.externaltools.gnu-tools-for-stm32.13.3.rel1.win32_1.0.0.202411081344/tools/bin/../lib/gcc/arm-none-eabi/13.3.1/thumb/v7-m/nofp\libgcc.a(_arm_fixunssfsi.o)
                0x08000608                __fixunssfsi
                0x08000608                __aeabi_f2uiz
 *(.text*)
 .text.ACC_Init
                0x08000648       0x68 ./Core/Src/ACC.o
                0x08000648                ACC_Init
 .text.ACC_Enable
                0x080006b0       0x54 ./Core/Src/ACC.o
                0x080006b0                ACC_Enable
 .text.ACC_SetFollowingDistance
                0x08000704       0x28 ./Core/Src/ACC.o
                0x08000704                ACC_SetFollowingDistance
 .text.ACC_Update
                0x0800072c       0xa8 ./Core/Src/ACC.o
                0x0800072c                ACC_Update
 .text.ACC_ProcessSensors
                0x080007d4       0x8c ./Core/Src/ACC.o
                0x080007d4                ACC_ProcessSensors
 .text.ACC_SpeedControl
                0x08000860       0xc4 ./Core/Src/ACC.o
                0x08000860                ACC_SpeedControl
 .text.ACC_ObstacleAvoidance
                0x08000924       0x5c ./Core/Src/ACC.o
                0x08000924                ACC_ObstacleAvoidance
 .text.ACC_EmergencyBrake
                0x08000980       0x64 ./Core/Src/ACC.o
                0x08000980                ACC_EmergencyBrake
 .text.ACC_LaneChangeControl
                0x080009e4       0xa4 ./Core/Src/ACC.o
                0x080009e4                ACC_LaneChangeControl
 .text.ACC_SmoothAcceleration
                0x08000a88       0x4c ./Core/Src/ACC.o
                0x08000a88                ACC_SmoothAcceleration
 .text.ACC_SmoothDeceleration
                0x08000ad4       0x4c ./Core/Src/ACC.o
                0x08000ad4                ACC_SmoothDeceleration
 .text.ACC_IsSafeToChangeLane
                0x08000b20       0x48 ./Core/Src/ACC.o
                0x08000b20                ACC_IsSafeToChangeLane
 .text.ACC_ResetLaneChange
                0x08000b68       0x24 ./Core/Src/ACC.o
                0x08000b68                ACC_ResetLaneChange
 .text.ACC_RightDistance
                0x08000b8c       0x14 ./Core/Src/ACC.o
                0x08000b8c                ACC_RightDistance
 .text.ACC_LeftDistance
                0x08000ba0       0x14 ./Core/Src/ACC.o
                0x08000ba0                ACC_LeftDistance
 .text.Motors_Init
                0x08000bb4       0x20 ./Core/Src/Motor.o
                0x08000bb4                Motors_Init
 .text.Set_Speed
                0x08000bd4       0x54 ./Core/Src/Motor.o
                0x08000bd4                Set_Speed
 .text.Move_Forward
                0x08000c28       0x38 ./Core/Src/Motor.o
                0x08000c28                Move_Forward
 .text.Move_Right
                0x08000c60       0x38 ./Core/Src/Motor.o
                0x08000c60                Move_Right
 .text.Move_Left
                0x08000c98       0x38 ./Core/Src/Motor.o
                0x08000c98                Move_Left
 .text.Turn_Right
                0x08000cd0       0x50 ./Core/Src/Motor.o
                0x08000cd0                Turn_Right
 .text.Turn_Left
                0x08000d20       0x50 ./Core/Src/Motor.o
                0x08000d20                Turn_Left
 .text.Stop_Motors
                0x08000d70       0x38 ./Core/Src/Motor.o
                0x08000d70                Stop_Motors
 .text.SysTickEnable
                0x08000da8       0x24 ./Core/Src/Ultrasonic.o
                0x08000da8                SysTickEnable
 .text.SysTickDisable
                0x08000dcc       0x24 ./Core/Src/Ultrasonic.o
                0x08000dcc                SysTickDisable
 .text.measureDistance
                0x08000df0      0x118 ./Core/Src/Ultrasonic.o
                0x08000df0                measureDistance
 .text.main     0x08000f08       0x68 ./Core/Src/main.o
                0x08000f08                main
 .text.SystemClock_Config
                0x08000f70       0x8a ./Core/Src/main.o
                0x08000f70                SystemClock_Config
 *fill*         0x08000ffa        0x2 
 .text.MX_I2C1_Init
                0x08000ffc       0x5c ./Core/Src/main.o
 .text.MX_I2C2_Init
                0x08001058       0x5c ./Core/Src/main.o
 .text.MX_TIM1_Init
                0x080010b4      0x158 ./Core/Src/main.o
 .text.MX_TIM2_Init
                0x0800120c       0x98 ./Core/Src/main.o
 .text.MX_USART1_UART_Init
                0x080012a4       0x54 ./Core/Src/main.o
 .text.MX_USART2_UART_Init
                0x080012f8       0x54 ./Core/Src/main.o
 .text.MX_GPIO_Init
                0x0800134c       0xf8 ./Core/Src/main.o
 .text.Error_Handler
                0x08001444        0xc ./Core/Src/main.o
                0x08001444                Error_Handler
 .text.HAL_MspInit
                0x08001450       0x64 ./Core/Src/stm32f1xx_hal_msp.o
                0x08001450                HAL_MspInit
 .text.HAL_I2C_MspInit
                0x080014b4       0xd8 ./Core/Src/stm32f1xx_hal_msp.o
                0x080014b4                HAL_I2C_MspInit
 .text.HAL_TIM_Base_MspInit
                0x0800158c       0x70 ./Core/Src/stm32f1xx_hal_msp.o
                0x0800158c                HAL_TIM_Base_MspInit
 .text.HAL_TIM_MspPostInit
                0x080015fc       0x68 ./Core/Src/stm32f1xx_hal_msp.o
                0x080015fc                HAL_TIM_MspPostInit
 .text.HAL_UART_MspInit
                0x08001664      0x118 ./Core/Src/stm32f1xx_hal_msp.o
                0x08001664                HAL_UART_MspInit
 .text.NMI_Handler
                0x0800177c        0x8 ./Core/Src/stm32f1xx_it.o
                0x0800177c                NMI_Handler
 .text.HardFault_Handler
                0x08001784        0x8 ./Core/Src/stm32f1xx_it.o
                0x08001784                HardFault_Handler
 .text.MemManage_Handler
                0x0800178c        0x8 ./Core/Src/stm32f1xx_it.o
                0x0800178c                MemManage_Handler
 .text.BusFault_Handler
                0x08001794        0x8 ./Core/Src/stm32f1xx_it.o
                0x08001794                BusFault_Handler
 .text.UsageFault_Handler
                0x0800179c        0x8 ./Core/Src/stm32f1xx_it.o
                0x0800179c                UsageFault_Handler
 .text.SVC_Handler
                0x080017a4        0xc ./Core/Src/stm32f1xx_it.o
                0x080017a4                SVC_Handler
 .text.DebugMon_Handler
                0x080017b0        0xc ./Core/Src/stm32f1xx_it.o
                0x080017b0                DebugMon_Handler
 .text.PendSV_Handler
                0x080017bc        0xc ./Core/Src/stm32f1xx_it.o
                0x080017bc                PendSV_Handler
 .text.SysTick_Handler
                0x080017c8        0xc ./Core/Src/stm32f1xx_it.o
                0x080017c8                SysTick_Handler
 .text.TIM2_IRQHandler
                0x080017d4       0x78 ./Core/Src/stm32f1xx_it.o
                0x080017d4                TIM2_IRQHandler
 .text.USART1_IRQHandler
                0x0800184c       0x14 ./Core/Src/stm32f1xx_it.o
                0x0800184c                USART1_IRQHandler
 .text.SystemInit
                0x08001860        0xc ./Core/Src/system_stm32f1xx.o
                0x08001860                SystemInit
 .text.Reset_Handler
                0x0800186c       0x48 ./Core/Startup/startup_stm32f103c8tx.o
                0x0800186c                Reset_Handler
 .text.Default_Handler
                0x080018b4        0x2 ./Core/Startup/startup_stm32f103c8tx.o
                0x080018b4                RTC_Alarm_IRQHandler
                0x080018b4                EXTI2_IRQHandler
                0x080018b4                TIM1_CC_IRQHandler
                0x080018b4                PVD_IRQHandler
                0x080018b4                EXTI3_IRQHandler
                0x080018b4                EXTI0_IRQHandler
                0x080018b4                I2C2_EV_IRQHandler
                0x080018b4                ADC1_2_IRQHandler
                0x080018b4                SPI1_IRQHandler
                0x080018b4                TAMPER_IRQHandler
                0x080018b4                DMA1_Channel4_IRQHandler
                0x080018b4                USART3_IRQHandler
                0x080018b4                RTC_IRQHandler
                0x080018b4                DMA1_Channel7_IRQHandler
                0x080018b4                CAN1_RX1_IRQHandler
                0x080018b4                TIM4_IRQHandler
                0x080018b4                I2C1_EV_IRQHandler
                0x080018b4                DMA1_Channel6_IRQHandler
                0x080018b4                TIM3_IRQHandler
                0x080018b4                RCC_IRQHandler
                0x080018b4                TIM1_TRG_COM_IRQHandler
                0x080018b4                DMA1_Channel1_IRQHandler
                0x080018b4                Default_Handler
                0x080018b4                EXTI15_10_IRQHandler
                0x080018b4                EXTI9_5_IRQHandler
                0x080018b4                SPI2_IRQHandler
                0x080018b4                DMA1_Channel5_IRQHandler
                0x080018b4                EXTI4_IRQHandler
                0x080018b4                USB_LP_CAN1_RX0_IRQHandler
                0x080018b4                USB_HP_CAN1_TX_IRQHandler
                0x080018b4                DMA1_Channel3_IRQHandler
                0x080018b4                TIM1_UP_IRQHandler
                0x080018b4                WWDG_IRQHandler
                0x080018b4                TIM1_BRK_IRQHandler
                0x080018b4                EXTI1_IRQHandler
                0x080018b4                USART2_IRQHandler
                0x080018b4                I2C2_ER_IRQHandler
                0x080018b4                DMA1_Channel2_IRQHandler
                0x080018b4                CAN1_SCE_IRQHandler
                0x080018b4                FLASH_IRQHandler
                0x080018b4                I2C1_ER_IRQHandler
                0x080018b4                USBWakeUp_IRQHandler
 *fill*         0x080018b6        0x2 
 .text.HAL_Init
                0x080018b8       0x2c ./Drivers/STM32F1xx_HAL_Driver/Src/stm32f1xx_hal.o
                0x080018b8                HAL_Init
 .text.HAL_InitTick
                0x080018e4       0x60 ./Drivers/STM32F1xx_HAL_Driver/Src/stm32f1xx_hal.o
                0x080018e4                HAL_InitTick
 .text.HAL_IncTick
                0x08001944       0x24 ./Drivers/STM32F1xx_HAL_Driver/Src/stm32f1xx_hal.o
                0x08001944                HAL_IncTick
 .text.HAL_GetTick
                0x08001968       0x14 ./Drivers/STM32F1xx_HAL_Driver/Src/stm32f1xx_hal.o
                0x08001968                HAL_GetTick
 .text.HAL_Delay
                0x0800197c       0x48 ./Drivers/STM32F1xx_HAL_Driver/Src/stm32f1xx_hal.o
                0x0800197c                HAL_Delay
 .text.__NVIC_SetPriorityGrouping
                0x080019c4       0x48 ./Drivers/STM32F1xx_HAL_Driver/Src/stm32f1xx_hal_cortex.o
 .text.__NVIC_GetPriorityGrouping
                0x08001a0c       0x1c ./Drivers/STM32F1xx_HAL_Driver/Src/stm32f1xx_hal_cortex.o
 .text.__NVIC_EnableIRQ
                0x08001a28       0x38 ./Drivers/STM32F1xx_HAL_Driver/Src/stm32f1xx_hal_cortex.o
 .text.__NVIC_SetPriority
                0x08001a60       0x54 ./Drivers/STM32F1xx_HAL_Driver/Src/stm32f1xx_hal_cortex.o
 .text.NVIC_EncodePriority
                0x08001ab4       0x64 ./Drivers/STM32F1xx_HAL_Driver/Src/stm32f1xx_hal_cortex.o
 .text.SysTick_Config
                0x08001b18       0x44 ./Drivers/STM32F1xx_HAL_Driver/Src/stm32f1xx_hal_cortex.o
 .text.HAL_NVIC_SetPriorityGrouping
                0x08001b5c       0x16 ./Drivers/STM32F1xx_HAL_Driver/Src/stm32f1xx_hal_cortex.o
                0x08001b5c                HAL_NVIC_SetPriorityGrouping
 .text.HAL_NVIC_SetPriority
                0x08001b72       0x38 ./Drivers/STM32F1xx_HAL_Driver/Src/stm32f1xx_hal_cortex.o
                0x08001b72                HAL_NVIC_SetPriority
 .text.HAL_NVIC_EnableIRQ
                0x08001baa       0x1c ./Drivers/STM32F1xx_HAL_Driver/Src/stm32f1xx_hal_cortex.o
                0x08001baa                HAL_NVIC_EnableIRQ
 .text.HAL_SYSTICK_Config
                0x08001bc6       0x18 ./Drivers/STM32F1xx_HAL_Driver/Src/stm32f1xx_hal_cortex.o
                0x08001bc6                HAL_SYSTICK_Config
 .text.HAL_DMA_Abort
                0x08001bde       0x76 ./Drivers/STM32F1xx_HAL_Driver/Src/stm32f1xx_hal_dma.o
                0x08001bde                HAL_DMA_Abort
 .text.HAL_DMA_Abort_IT
                0x08001c54       0xf0 ./Drivers/STM32F1xx_HAL_Driver/Src/stm32f1xx_hal_dma.o
                0x08001c54                HAL_DMA_Abort_IT
 .text.HAL_GPIO_Init
                0x08001d44      0x308 ./Drivers/STM32F1xx_HAL_Driver/Src/stm32f1xx_hal_gpio.o
                0x08001d44                HAL_GPIO_Init
 .text.HAL_GPIO_ReadPin
                0x0800204c       0x2e ./Drivers/STM32F1xx_HAL_Driver/Src/stm32f1xx_hal_gpio.o
                0x0800204c                HAL_GPIO_ReadPin
 .text.HAL_GPIO_WritePin
                0x0800207a       0x30 ./Drivers/STM32F1xx_HAL_Driver/Src/stm32f1xx_hal_gpio.o
                0x0800207a                HAL_GPIO_WritePin
 *fill*         0x080020aa        0x2 
 .text.HAL_I2C_Init
                0x080020ac      0x288 ./Drivers/STM32F1xx_HAL_Driver/Src/stm32f1xx_hal_i2c.o
                0x080020ac                HAL_I2C_Init
 .text.HAL_RCC_OscConfig
                0x08002334      0x504 ./Drivers/STM32F1xx_HAL_Driver/Src/stm32f1xx_hal_rcc.o
                0x08002334                HAL_RCC_OscConfig
 .text.HAL_RCC_ClockConfig
                0x08002838      0x1d4 ./Drivers/STM32F1xx_HAL_Driver/Src/stm32f1xx_hal_rcc.o
                0x08002838                HAL_RCC_ClockConfig
 .text.HAL_RCC_GetSysClockFreq
                0x08002a0c       0xa8 ./Drivers/STM32F1xx_HAL_Driver/Src/stm32f1xx_hal_rcc.o
                0x08002a0c                HAL_RCC_GetSysClockFreq
 .text.HAL_RCC_GetHCLKFreq
                0x08002ab4       0x14 ./Drivers/STM32F1xx_HAL_Driver/Src/stm32f1xx_hal_rcc.o
                0x08002ab4                HAL_RCC_GetHCLKFreq
 .text.HAL_RCC_GetPCLK1Freq
                0x08002ac8       0x28 ./Drivers/STM32F1xx_HAL_Driver/Src/stm32f1xx_hal_rcc.o
                0x08002ac8                HAL_RCC_GetPCLK1Freq
 .text.HAL_RCC_GetPCLK2Freq
                0x08002af0       0x28 ./Drivers/STM32F1xx_HAL_Driver/Src/stm32f1xx_hal_rcc.o
                0x08002af0                HAL_RCC_GetPCLK2Freq
 .text.RCC_Delay
                0x08002b18       0x3c ./Drivers/STM32F1xx_HAL_Driver/Src/stm32f1xx_hal_rcc.o
 .text.HAL_TIM_Base_Init
                0x08002b54       0x9e ./Drivers/STM32F1xx_HAL_Driver/Src/stm32f1xx_hal_tim.o
                0x08002b54                HAL_TIM_Base_Init
 *fill*         0x08002bf2        0x2 
 .text.HAL_TIM_Base_Start_IT
                0x08002bf4       0xa4 ./Drivers/STM32F1xx_HAL_Driver/Src/stm32f1xx_hal_tim.o
                0x08002bf4                HAL_TIM_Base_Start_IT
 .text.HAL_TIM_Base_Stop_IT
                0x08002c98       0x5c ./Drivers/STM32F1xx_HAL_Driver/Src/stm32f1xx_hal_tim.o
                0x08002c98                HAL_TIM_Base_Stop_IT
 .text.HAL_TIM_PWM_Init
                0x08002cf4       0x9e ./Drivers/STM32F1xx_HAL_Driver/Src/stm32f1xx_hal_tim.o
                0x08002cf4                HAL_TIM_PWM_Init
 .text.HAL_TIM_PWM_MspInit
                0x08002d92       0x12 ./Drivers/STM32F1xx_HAL_Driver/Src/stm32f1xx_hal_tim.o
                0x08002d92                HAL_TIM_PWM_MspInit
 .text.HAL_TIM_PWM_Start
                0x08002da4      0x144 ./Drivers/STM32F1xx_HAL_Driver/Src/stm32f1xx_hal_tim.o
                0x08002da4                HAL_TIM_PWM_Start
 .text.HAL_TIM_IRQHandler
                0x08002ee8      0x1e0 ./Drivers/STM32F1xx_HAL_Driver/Src/stm32f1xx_hal_tim.o
                0x08002ee8                HAL_TIM_IRQHandler
 .text.HAL_TIM_PWM_ConfigChannel
                0x080030c8      0x184 ./Drivers/STM32F1xx_HAL_Driver/Src/stm32f1xx_hal_tim.o
                0x080030c8                HAL_TIM_PWM_ConfigChannel
 .text.HAL_TIM_ConfigClockSource
                0x0800324c      0x18e ./Drivers/STM32F1xx_HAL_Driver/Src/stm32f1xx_hal_tim.o
                0x0800324c                HAL_TIM_ConfigClockSource
 .text.HAL_TIM_PeriodElapsedCallback
                0x080033da       0x12 ./Drivers/STM32F1xx_HAL_Driver/Src/stm32f1xx_hal_tim.o
                0x080033da                HAL_TIM_PeriodElapsedCallback
 .text.HAL_TIM_OC_DelayElapsedCallback
                0x080033ec       0x12 ./Drivers/STM32F1xx_HAL_Driver/Src/stm32f1xx_hal_tim.o
                0x080033ec                HAL_TIM_OC_DelayElapsedCallback
 .text.HAL_TIM_IC_CaptureCallback
                0x080033fe       0x12 ./Drivers/STM32F1xx_HAL_Driver/Src/stm32f1xx_hal_tim.o
                0x080033fe                HAL_TIM_IC_CaptureCallback
 .text.HAL_TIM_PWM_PulseFinishedCallback
                0x08003410       0x12 ./Drivers/STM32F1xx_HAL_Driver/Src/stm32f1xx_hal_tim.o
                0x08003410                HAL_TIM_PWM_PulseFinishedCallback
 .text.HAL_TIM_TriggerCallback
                0x08003422       0x12 ./Drivers/STM32F1xx_HAL_Driver/Src/stm32f1xx_hal_tim.o
                0x08003422                HAL_TIM_TriggerCallback
 .text.TIM_Base_SetConfig
                0x08003434       0xdc ./Drivers/STM32F1xx_HAL_Driver/Src/stm32f1xx_hal_tim.o
                0x08003434                TIM_Base_SetConfig
 .text.TIM_OC1_SetConfig
                0x08003510       0xcc ./Drivers/STM32F1xx_HAL_Driver/Src/stm32f1xx_hal_tim.o
 .text.TIM_OC2_SetConfig
                0x080035dc       0xd4 ./Drivers/STM32F1xx_HAL_Driver/Src/stm32f1xx_hal_tim.o
                0x080035dc                TIM_OC2_SetConfig
 .text.TIM_OC3_SetConfig
                0x080036b0       0xd4 ./Drivers/STM32F1xx_HAL_Driver/Src/stm32f1xx_hal_tim.o
 .text.TIM_OC4_SetConfig
                0x08003784       0x9c ./Drivers/STM32F1xx_HAL_Driver/Src/stm32f1xx_hal_tim.o
 .text.TIM_TI1_ConfigInputStage
                0x08003820       0x5c ./Drivers/STM32F1xx_HAL_Driver/Src/stm32f1xx_hal_tim.o
 .text.TIM_TI2_ConfigInputStage
                0x0800387c       0x5e ./Drivers/STM32F1xx_HAL_Driver/Src/stm32f1xx_hal_tim.o
 .text.TIM_ITRx_SetConfig
                0x080038da       0x34 ./Drivers/STM32F1xx_HAL_Driver/Src/stm32f1xx_hal_tim.o
 .text.TIM_ETR_SetConfig
                0x0800390e       0x3e ./Drivers/STM32F1xx_HAL_Driver/Src/stm32f1xx_hal_tim.o
                0x0800390e                TIM_ETR_SetConfig
 .text.TIM_CCxChannelCmd
                0x0800394c       0x48 ./Drivers/STM32F1xx_HAL_Driver/Src/stm32f1xx_hal_tim.o
                0x0800394c                TIM_CCxChannelCmd
 .text.HAL_TIMEx_MasterConfigSynchronization
                0x08003994       0xbc ./Drivers/STM32F1xx_HAL_Driver/Src/stm32f1xx_hal_tim_ex.o
                0x08003994                HAL_TIMEx_MasterConfigSynchronization
 .text.HAL_TIMEx_ConfigBreakDeadTime
                0x08003a50       0xa2 ./Drivers/STM32F1xx_HAL_Driver/Src/stm32f1xx_hal_tim_ex.o
                0x08003a50                HAL_TIMEx_ConfigBreakDeadTime
 .text.HAL_TIMEx_CommutCallback
                0x08003af2       0x12 ./Drivers/STM32F1xx_HAL_Driver/Src/stm32f1xx_hal_tim_ex.o
                0x08003af2                HAL_TIMEx_CommutCallback
 .text.HAL_TIMEx_BreakCallback
                0x08003b04       0x12 ./Drivers/STM32F1xx_HAL_Driver/Src/stm32f1xx_hal_tim_ex.o
                0x08003b04                HAL_TIMEx_BreakCallback
 .text.HAL_UART_Init
                0x08003b16       0xa0 ./Drivers/STM32F1xx_HAL_Driver/Src/stm32f1xx_hal_uart.o
                0x08003b16                HAL_UART_Init
 *fill*         0x08003bb6        0x2 
 .text.HAL_UART_IRQHandler
                0x08003bb8      0x524 ./Drivers/STM32F1xx_HAL_Driver/Src/stm32f1xx_hal_uart.o
                0x08003bb8                HAL_UART_IRQHandler
 .text.HAL_UART_TxCpltCallback
                0x080040dc       0x12 ./Drivers/STM32F1xx_HAL_Driver/Src/stm32f1xx_hal_uart.o
                0x080040dc                HAL_UART_TxCpltCallback
 .text.HAL_UART_RxCpltCallback
                0x080040ee       0x12 ./Drivers/STM32F1xx_HAL_Driver/Src/stm32f1xx_hal_uart.o
                0x080040ee                HAL_UART_RxCpltCallback
 .text.HAL_UART_ErrorCallback
                0x08004100       0x12 ./Drivers/STM32F1xx_HAL_Driver/Src/stm32f1xx_hal_uart.o
                0x08004100                HAL_UART_ErrorCallback
 .text.HAL_UARTEx_RxEventCallback
                0x08004112       0x16 ./Drivers/STM32F1xx_HAL_Driver/Src/stm32f1xx_hal_uart.o
                0x08004112                HAL_UARTEx_RxEventCallback
 .text.UART_EndRxTransfer
                0x08004128       0xc4 ./Drivers/STM32F1xx_HAL_Driver/Src/stm32f1xx_hal_uart.o
 .text.UART_DMAAbortOnError
                0x080041ec       0x28 ./Drivers/STM32F1xx_HAL_Driver/Src/stm32f1xx_hal_uart.o
 .text.UART_Transmit_IT
                0x08004214       0x9e ./Drivers/STM32F1xx_HAL_Driver/Src/stm32f1xx_hal_uart.o
 .text.UART_EndTransmit_IT
                0x080042b2       0x30 ./Drivers/STM32F1xx_HAL_Driver/Src/stm32f1xx_hal_uart.o
 .text.UART_Receive_IT
                0x080042e2      0x17c ./Drivers/STM32F1xx_HAL_Driver/Src/stm32f1xx_hal_uart.o
 *fill*         0x0800445e        0x2 
 .text.UART_SetConfig
                0x08004460      0x11c ./Drivers/STM32F1xx_HAL_Driver/Src/stm32f1xx_hal_uart.o
 .text.memset   0x0800457c       0x10 C:/ST/STM32CubeIDE_1.18.0/STM32CubeIDE/plugins/com.st.stm32cube.ide.mcu.externaltools.gnu-tools-for-stm32.13.3.rel1.win32_1.0.0.202411081344/tools/bin/../lib/gcc/arm-none-eabi/13.3.1/../../../../arm-none-eabi/lib/thumb/v7-m/nofp\libc_nano.a(libc_a-memset.o)
                0x0800457c                memset
 .text.__libc_init_array
                0x0800458c       0x48 C:/ST/STM32CubeIDE_1.18.0/STM32CubeIDE/plugins/com.st.stm32cube.ide.mcu.externaltools.gnu-tools-for-stm32.13.3.rel1.win32_1.0.0.202411081344/tools/bin/../lib/gcc/arm-none-eabi/13.3.1/../../../../arm-none-eabi/lib/thumb/v7-m/nofp\libc_nano.a(libc_a-init.o)
                0x0800458c                __libc_init_array
 *(.glue_7)
 .glue_7        0x080045d4        0x0 linker stubs
 *(.glue_7t)
 .glue_7t       0x080045d4        0x0 linker stubs
 *(.eh_frame)
 .eh_frame      0x080045d4        0x0 C:/ST/STM32CubeIDE_1.18.0/STM32CubeIDE/plugins/com.st.stm32cube.ide.mcu.externaltools.gnu-tools-for-stm32.13.3.rel1.win32_1.0.0.202411081344/tools/bin/../lib/gcc/arm-none-eabi/13.3.1/thumb/v7-m/nofp/crtbegin.o
 *(.init)
 .init          0x080045d4        0x4 C:/ST/STM32CubeIDE_1.18.0/STM32CubeIDE/plugins/com.st.stm32cube.ide.mcu.externaltools.gnu-tools-for-stm32.13.3.rel1.win32_1.0.0.202411081344/tools/bin/../lib/gcc/arm-none-eabi/13.3.1/thumb/v7-m/nofp/crti.o
                0x080045d4                _init
 .init          0x080045d8        0x8 C:/ST/STM32CubeIDE_1.18.0/STM32CubeIDE/plugins/com.st.stm32cube.ide.mcu.externaltools.gnu-tools-for-stm32.13.3.rel1.win32_1.0.0.202411081344/tools/bin/../lib/gcc/arm-none-eabi/13.3.1/thumb/v7-m/nofp/crtn.o
 *(.fini)
 .fini          0x080045e0        0x4 C:/ST/STM32CubeIDE_1.18.0/STM32CubeIDE/plugins/com.st.stm32cube.ide.mcu.externaltools.gnu-tools-for-stm32.13.3.rel1.win32_1.0.0.202411081344/tools/bin/../lib/gcc/arm-none-eabi/13.3.1/thumb/v7-m/nofp/crti.o
                0x080045e0                _fini
 .fini          0x080045e4        0x8 C:/ST/STM32CubeIDE_1.18.0/STM32CubeIDE/plugins/com.st.stm32cube.ide.mcu.externaltools.gnu-tools-for-stm32.13.3.rel1.win32_1.0.0.202411081344/tools/bin/../lib/gcc/arm-none-eabi/13.3.1/thumb/v7-m/nofp/crtn.o
                0x080045ec                        . = ALIGN (0x4)
                0x080045ec                        _etext = .

.vfp11_veneer   0x080045ec        0x0
 .vfp11_veneer  0x080045ec        0x0 linker stubs

.v4_bx          0x080045ec        0x0
 .v4_bx         0x080045ec        0x0 linker stubs

.iplt           0x080045ec        0x0
 .iplt          0x080045ec        0x0 C:/ST/STM32CubeIDE_1.18.0/STM32CubeIDE/plugins/com.st.stm32cube.ide.mcu.externaltools.gnu-tools-for-stm32.13.3.rel1.win32_1.0.0.202411081344/tools/bin/../lib/gcc/arm-none-eabi/13.3.1/thumb/v7-m/nofp/crtbegin.o

.rodata         0x080045ec       0x2c
                0x080045ec                        . = ALIGN (0x4)
 *(.rodata)
 *(.rodata*)
 .rodata.AHBPrescTable
                0x080045ec       0x10 ./Core/Src/system_stm32f1xx.o
                0x080045ec                AHBPrescTable
 .rodata.APBPrescTable
                0x080045fc        0x8 ./Core/Src/system_stm32f1xx.o
                0x080045fc                APBPrescTable
 .rodata.aPLLMULFactorTable.1
                0x08004604       0x10 ./Drivers/STM32F1xx_HAL_Driver/Src/stm32f1xx_hal_rcc.o
 .rodata.aPredivFactorTable.0
                0x08004614        0x2 ./Drivers/STM32F1xx_HAL_Driver/Src/stm32f1xx_hal_rcc.o
                0x08004618                        . = ALIGN (0x4)
 *fill*         0x08004616        0x2 

.ARM.extab      0x08004618        0x0
                0x08004618                        . = ALIGN (0x4)
 *(.ARM.extab* .gnu.linkonce.armextab.*)
                0x08004618                        . = ALIGN (0x4)

.ARM            0x08004618        0x0
                0x08004618                        . = ALIGN (0x4)
                0x08004618                        __exidx_start = .
 *(.ARM.exidx*)
                0x08004618                        __exidx_end = .
                0x08004618                        . = ALIGN (0x4)

.preinit_array  0x08004618        0x0
                0x08004618                        . = ALIGN (0x4)
                0x08004618                        PROVIDE (__preinit_array_start = .)
 *(.preinit_array*)
                0x08004618                        PROVIDE (__preinit_array_end = .)
                0x08004618                        . = ALIGN (0x4)

.init_array     0x08004618        0x4
                0x08004618                        . = ALIGN (0x4)
                0x08004618                        PROVIDE (__init_array_start = .)
 *(SORT_BY_NAME(.init_array.*))
 *(.init_array*)
 .init_array    0x08004618        0x4 C:/ST/STM32CubeIDE_1.18.0/STM32CubeIDE/plugins/com.st.stm32cube.ide.mcu.externaltools.gnu-tools-for-stm32.13.3.rel1.win32_1.0.0.202411081344/tools/bin/../lib/gcc/arm-none-eabi/13.3.1/thumb/v7-m/nofp/crtbegin.o
                0x0800461c                        PROVIDE (__init_array_end = .)
                0x0800461c                        . = ALIGN (0x4)

.fini_array     0x0800461c        0x4
                0x0800461c                        . = ALIGN (0x4)
                [!provide]                        PROVIDE (__fini_array_start = .)
 *(SORT_BY_NAME(.fini_array.*))
 *(.fini_array*)
 .fini_array    0x0800461c        0x4 C:/ST/STM32CubeIDE_1.18.0/STM32CubeIDE/plugins/com.st.stm32cube.ide.mcu.externaltools.gnu-tools-for-stm32.13.3.rel1.win32_1.0.0.202411081344/tools/bin/../lib/gcc/arm-none-eabi/13.3.1/thumb/v7-m/nofp/crtbegin.o
                [!provide]                        PROVIDE (__fini_array_end = .)
                0x08004620                        . = ALIGN (0x4)
                0x08004620                        _sidata = LOADADDR (.data)

.rel.dyn        0x08004620        0x0
 .rel.iplt      0x08004620        0x0 C:/ST/STM32CubeIDE_1.18.0/STM32CubeIDE/plugins/com.st.stm32cube.ide.mcu.externaltools.gnu-tools-for-stm32.13.3.rel1.win32_1.0.0.202411081344/tools/bin/../lib/gcc/arm-none-eabi/13.3.1/thumb/v7-m/nofp/crtbegin.o

.data           0x20000000       0x34 load address 0x08004620
                0x20000000                        . = ALIGN (0x4)
                0x20000000                        _sdata = .
 *(.data)
 *(.data*)
 .data.triggerPorts
                0x20000000        0xc ./Core/Src/Ultrasonic.o
                0x20000000                triggerPorts
 .data.triggerPins
                0x2000000c        0x6 ./Core/Src/Ultrasonic.o
                0x2000000c                triggerPins
 *fill*         0x20000012        0x2 
 .data.echoPorts
                0x20000014        0xc ./Core/Src/Ultrasonic.o
                0x20000014                echoPorts
 .data.echoPins
                0x20000020        0x6 ./Core/Src/Ultrasonic.o
                0x20000020                echoPins
 *fill*         0x20000026        0x2 
 .data.SystemCoreClock
                0x20000028        0x4 ./Core/Src/system_stm32f1xx.o
                0x20000028                SystemCoreClock
 .data.uwTickPrio
                0x2000002c        0x4 ./Drivers/STM32F1xx_HAL_Driver/Src/stm32f1xx_hal.o
                0x2000002c                uwTickPrio
 .data.uwTickFreq
                0x20000030        0x1 ./Drivers/STM32F1xx_HAL_Driver/Src/stm32f1xx_hal.o
                0x20000030                uwTickFreq
 *(.RamFunc)
 *(.RamFunc*)
                0x20000034                        . = ALIGN (0x4)
 *fill*         0x20000031        0x3 
                0x20000034                        _edata = .

.igot.plt       0x20000034        0x0 load address 0x08004654
 .igot.plt      0x20000034        0x0 C:/ST/STM32CubeIDE_1.18.0/STM32CubeIDE/plugins/com.st.stm32cube.ide.mcu.externaltools.gnu-tools-for-stm32.13.3.rel1.win32_1.0.0.202411081344/tools/bin/../lib/gcc/arm-none-eabi/13.3.1/thumb/v7-m/nofp/crtbegin.o
                0x20000034                        . = ALIGN (0x4)

.bss            0x20000034      0x218 load address 0x08004654
                0x20000034                        _sbss = .
                0x20000034                        __bss_start__ = _sbss
 *(.bss)
 .bss           0x20000034       0x1c C:/ST/STM32CubeIDE_1.18.0/STM32CubeIDE/plugins/com.st.stm32cube.ide.mcu.externaltools.gnu-tools-for-stm32.13.3.rel1.win32_1.0.0.202411081344/tools/bin/../lib/gcc/arm-none-eabi/13.3.1/thumb/v7-m/nofp/crtbegin.o
 *(.bss*)
 .bss.acc_control
                0x20000050       0x24 ./Core/Src/ACC.o
 .bss.lane_change_start_time
                0x20000074        0x4 ./Core/Src/ACC.o
 .bss.sensor_busy
                0x20000078        0x1 ./Core/Src/Ultrasonic.o
                0x20000078                sensor_busy
 *fill*         0x20000079        0x1 
 .bss.distance  0x2000007a        0x2 ./Core/Src/Ultrasonic.o
                0x2000007a                distance
 .bss.triggerTime
                0x2000007c        0x2 ./Core/Src/Ultrasonic.o
                0x2000007c                triggerTime
 .bss.sensor    0x2000007e        0x2 ./Core/Src/Ultrasonic.o
                0x2000007e                sensor
 .bss.hi2c1     0x20000080       0x54 ./Core/Src/main.o
                0x20000080                hi2c1
 .bss.hi2c2     0x200000d4       0x54 ./Core/Src/main.o
                0x200000d4                hi2c2
 .bss.htim1     0x20000128       0x48 ./Core/Src/main.o
                0x20000128                htim1
 .bss.htim2     0x20000170       0x48 ./Core/Src/main.o
                0x20000170                htim2
 .bss.huart1    0x200001b8       0x48 ./Core/Src/main.o
                0x200001b8                huart1
 .bss.huart2    0x20000200       0x48 ./Core/Src/main.o
                0x20000200                huart2
 .bss.uwTick    0x20000248        0x4 ./Drivers/STM32F1xx_HAL_Driver/Src/stm32f1xx_hal.o
                0x20000248                uwTick
 *(COMMON)
                0x2000024c                        . = ALIGN (0x4)
                0x2000024c                        _ebss = .
                0x2000024c                        __bss_end__ = _ebss

._user_heap_stack
                0x2000024c      0x604 load address 0x08004654
                0x20000250                        . = ALIGN (0x8)
 *fill*         0x2000024c        0x4 
                [!provide]                        PROVIDE (end = .)
                0x20000250                        PROVIDE (_end = .)
                0x20000450                        . = (. + _Min_Heap_Size)
 *fill*         0x20000250      0x200 
                0x20000850                        . = (. + _Min_Stack_Size)
 *fill*         0x20000450      0x400 
                0x20000850                        . = ALIGN (0x8)

/DISCARD/
 libc.a(*)
 libm.a(*)
 libgcc.a(*)

.ARM.attributes
                0x00000000       0x29
 *(.ARM.attributes)
 .ARM.attributes
                0x00000000       0x1d C:/ST/STM32CubeIDE_1.18.0/STM32CubeIDE/plugins/com.st.stm32cube.ide.mcu.externaltools.gnu-tools-for-stm32.13.3.rel1.win32_1.0.0.202411081344/tools/bin/../lib/gcc/arm-none-eabi/13.3.1/thumb/v7-m/nofp/crti.o
 .ARM.attributes
                0x0000001d       0x2d C:/ST/STM32CubeIDE_1.18.0/STM32CubeIDE/plugins/com.st.stm32cube.ide.mcu.externaltools.gnu-tools-for-stm32.13.3.rel1.win32_1.0.0.202411081344/tools/bin/../lib/gcc/arm-none-eabi/13.3.1/thumb/v7-m/nofp/crtbegin.o
 .ARM.attributes
                0x0000004a       0x2d ./Core/Src/ACC.o
 .ARM.attributes
                0x00000077       0x2d ./Core/Src/Motor.o
 .ARM.attributes
                0x000000a4       0x2d ./Core/Src/Ultrasonic.o
 .ARM.attributes
                0x000000d1       0x2d ./Core/Src/main.o
 .ARM.attributes
                0x000000fe       0x2d ./Core/Src/stm32f1xx_hal_msp.o
 .ARM.attributes
                0x0000012b       0x2d ./Core/Src/stm32f1xx_it.o
 .ARM.attributes
                0x00000158       0x2d ./Core/Src/system_stm32f1xx.o
 .ARM.attributes
                0x00000185       0x21 ./Core/Startup/startup_stm32f103c8tx.o
 .ARM.attributes
                0x000001a6       0x2d ./Drivers/STM32F1xx_HAL_Driver/Src/stm32f1xx_hal.o
 .ARM.attributes
                0x000001d3       0x2d ./Drivers/STM32F1xx_HAL_Driver/Src/stm32f1xx_hal_cortex.o
 .ARM.attributes
                0x00000200       0x2d ./Drivers/STM32F1xx_HAL_Driver/Src/stm32f1xx_hal_dma.o
 .ARM.attributes
                0x0000022d       0x2d ./Drivers/STM32F1xx_HAL_Driver/Src/stm32f1xx_hal_gpio.o
 .ARM.attributes
                0x0000025a       0x2d ./Drivers/STM32F1xx_HAL_Driver/Src/stm32f1xx_hal_i2c.o
 .ARM.attributes
                0x00000287       0x2d ./Drivers/STM32F1xx_HAL_Driver/Src/stm32f1xx_hal_rcc.o
 .ARM.attributes
                0x000002b4       0x2d ./Drivers/STM32F1xx_HAL_Driver/Src/stm32f1xx_hal_tim.o
 .ARM.attributes
                0x000002e1       0x2d ./Drivers/STM32F1xx_HAL_Driver/Src/stm32f1xx_hal_tim_ex.o
 .ARM.attributes
                0x0000030e       0x2d ./Drivers/STM32F1xx_HAL_Driver/Src/stm32f1xx_hal_uart.o
 .ARM.attributes
                0x0000033b       0x2d C:/ST/STM32CubeIDE_1.18.0/STM32CubeIDE/plugins/com.st.stm32cube.ide.mcu.externaltools.gnu-tools-for-stm32.13.3.rel1.win32_1.0.0.202411081344/tools/bin/../lib/gcc/arm-none-eabi/13.3.1/../../../../arm-none-eabi/lib/thumb/v7-m/nofp\libc_nano.a(libc_a-memset.o)
 .ARM.attributes
                0x00000368       0x2d C:/ST/STM32CubeIDE_1.18.0/STM32CubeIDE/plugins/com.st.stm32cube.ide.mcu.externaltools.gnu-tools-for-stm32.13.3.rel1.win32_1.0.0.202411081344/tools/bin/../lib/gcc/arm-none-eabi/13.3.1/../../../../arm-none-eabi/lib/thumb/v7-m/nofp\libc_nano.a(libc_a-init.o)
 .ARM.attributes
                0x00000395       0x1d C:/ST/STM32CubeIDE_1.18.0/STM32CubeIDE/plugins/com.st.stm32cube.ide.mcu.externaltools.gnu-tools-for-stm32.13.3.rel1.win32_1.0.0.202411081344/tools/bin/../lib/gcc/arm-none-eabi/13.3.1/thumb/v7-m/nofp\libgcc.a(_arm_addsubsf3.o)
 .ARM.attributes
                0x000003b2       0x1d C:/ST/STM32CubeIDE_1.18.0/STM32CubeIDE/plugins/com.st.stm32cube.ide.mcu.externaltools.gnu-tools-for-stm32.13.3.rel1.win32_1.0.0.202411081344/tools/bin/../lib/gcc/arm-none-eabi/13.3.1/thumb/v7-m/nofp\libgcc.a(_arm_muldivsf3.o)
 .ARM.attributes
                0x000003cf       0x1d C:/ST/STM32CubeIDE_1.18.0/STM32CubeIDE/plugins/com.st.stm32cube.ide.mcu.externaltools.gnu-tools-for-stm32.13.3.rel1.win32_1.0.0.202411081344/tools/bin/../lib/gcc/arm-none-eabi/13.3.1/thumb/v7-m/nofp\libgcc.a(_arm_fixunssfsi.o)
 .ARM.attributes
                0x000003ec       0x1d C:/ST/STM32CubeIDE_1.18.0/STM32CubeIDE/plugins/com.st.stm32cube.ide.mcu.externaltools.gnu-tools-for-stm32.13.3.rel1.win32_1.0.0.202411081344/tools/bin/../lib/gcc/arm-none-eabi/13.3.1/thumb/v7-m/nofp/crtn.o
OUTPUT(V2X.elf elf32-littlearm)
LOAD linker stubs
LOAD C:/ST/STM32CubeIDE_1.18.0/STM32CubeIDE/plugins/com.st.stm32cube.ide.mcu.externaltools.gnu-tools-for-stm32.13.3.rel1.win32_1.0.0.202411081344/tools/bin/../lib/gcc/arm-none-eabi/13.3.1/../../../../arm-none-eabi/lib/thumb/v7-m/nofp\libc.a
LOAD C:/ST/STM32CubeIDE_1.18.0/STM32CubeIDE/plugins/com.st.stm32cube.ide.mcu.externaltools.gnu-tools-for-stm32.13.3.rel1.win32_1.0.0.202411081344/tools/bin/../lib/gcc/arm-none-eabi/13.3.1/../../../../arm-none-eabi/lib/thumb/v7-m/nofp\libm.a
LOAD C:/ST/STM32CubeIDE_1.18.0/STM32CubeIDE/plugins/com.st.stm32cube.ide.mcu.externaltools.gnu-tools-for-stm32.13.3.rel1.win32_1.0.0.202411081344/tools/bin/../lib/gcc/arm-none-eabi/13.3.1/thumb/v7-m/nofp\libgcc.a

.debug_info     0x00000000    0x1014c
 .debug_info    0x00000000      0x5b6 ./Core/Src/ACC.o
 .debug_info    0x000005b6      0x939 ./Core/Src/Motor.o
 .debug_info    0x00000eef      0x9a9 ./Core/Src/Ultrasonic.o
 .debug_info    0x00001898     0x12f7 ./Core/Src/main.o
 .debug_info    0x00002b8f     0x112c ./Core/Src/stm32f1xx_hal_msp.o
 .debug_info    0x00003cbb      0xa5d ./Core/Src/stm32f1xx_it.o
 .debug_info    0x00004718      0x222 ./Core/Src/system_stm32f1xx.o
 .debug_info    0x0000493a       0x30 ./Core/Startup/startup_stm32f103c8tx.o
 .debug_info    0x0000496a      0x704 ./Drivers/STM32F1xx_HAL_Driver/Src/stm32f1xx_hal.o
 .debug_info    0x0000506e      0xa87 ./Drivers/STM32F1xx_HAL_Driver/Src/stm32f1xx_hal_cortex.o
 .debug_info    0x00005af5      0x6d2 ./Drivers/STM32F1xx_HAL_Driver/Src/stm32f1xx_hal_dma.o
 .debug_info    0x000061c7      0x5ab ./Drivers/STM32F1xx_HAL_Driver/Src/stm32f1xx_hal_gpio.o
 .debug_info    0x00006772     0x2524 ./Drivers/STM32F1xx_HAL_Driver/Src/stm32f1xx_hal_i2c.o
 .debug_info    0x00008c96      0x7d5 ./Drivers/STM32F1xx_HAL_Driver/Src/stm32f1xx_hal_rcc.o
 .debug_info    0x0000946b     0x2959 ./Drivers/STM32F1xx_HAL_Driver/Src/stm32f1xx_hal_tim.o
 .debug_info    0x0000bdc4     0x149b ./Drivers/STM32F1xx_HAL_Driver/Src/stm32f1xx_hal_tim_ex.o
 .debug_info    0x0000d25f     0x2eed ./Drivers/STM32F1xx_HAL_Driver/Src/stm32f1xx_hal_uart.o

.debug_abbrev   0x00000000     0x24a8
 .debug_abbrev  0x00000000      0x267 ./Core/Src/ACC.o
 .debug_abbrev  0x00000267      0x205 ./Core/Src/Motor.o
 .debug_abbrev  0x0000046c      0x240 ./Core/Src/Ultrasonic.o
 .debug_abbrev  0x000006ac      0x2b5 ./Core/Src/main.o
 .debug_abbrev  0x00000961      0x21e ./Core/Src/stm32f1xx_hal_msp.o
 .debug_abbrev  0x00000b7f      0x1b1 ./Core/Src/stm32f1xx_it.o
 .debug_abbrev  0x00000d30      0x13f ./Core/Src/system_stm32f1xx.o
 .debug_abbrev  0x00000e6f       0x24 ./Core/Startup/startup_stm32f103c8tx.o
 .debug_abbrev  0x00000e93      0x201 ./Drivers/STM32F1xx_HAL_Driver/Src/stm32f1xx_hal.o
 .debug_abbrev  0x00001094      0x2f8 ./Drivers/STM32F1xx_HAL_Driver/Src/stm32f1xx_hal_cortex.o
 .debug_abbrev  0x0000138c      0x20b ./Drivers/STM32F1xx_HAL_Driver/Src/stm32f1xx_hal_dma.o
 .debug_abbrev  0x00001597      0x1ca ./Drivers/STM32F1xx_HAL_Driver/Src/stm32f1xx_hal_gpio.o
 .debug_abbrev  0x00001761      0x2a3 ./Drivers/STM32F1xx_HAL_Driver/Src/stm32f1xx_hal_i2c.o
 .debug_abbrev  0x00001a04      0x2b3 ./Drivers/STM32F1xx_HAL_Driver/Src/stm32f1xx_hal_rcc.o
 .debug_abbrev  0x00001cb7      0x277 ./Drivers/STM32F1xx_HAL_Driver/Src/stm32f1xx_hal_tim.o
 .debug_abbrev  0x00001f2e      0x282 ./Drivers/STM32F1xx_HAL_Driver/Src/stm32f1xx_hal_tim_ex.o
 .debug_abbrev  0x000021b0      0x2f8 ./Drivers/STM32F1xx_HAL_Driver/Src/stm32f1xx_hal_uart.o

.debug_aranges  0x00000000     0x1030
 .debug_aranges
                0x00000000       0xc0 ./Core/Src/ACC.o
 .debug_aranges
                0x000000c0       0x78 ./Core/Src/Motor.o
 .debug_aranges
                0x00000138       0x48 ./Core/Src/Ultrasonic.o
 .debug_aranges
                0x00000180       0x68 ./Core/Src/main.o
 .debug_aranges
                0x000001e8       0x58 ./Core/Src/stm32f1xx_hal_msp.o
 .debug_aranges
                0x00000240       0x70 ./Core/Src/stm32f1xx_it.o
 .debug_aranges
                0x000002b0       0x28 ./Core/Src/system_stm32f1xx.o
 .debug_aranges
                0x000002d8       0x28 ./Core/Startup/startup_stm32f103c8tx.o
 .debug_aranges
                0x00000300       0xe0 ./Drivers/STM32F1xx_HAL_Driver/Src/stm32f1xx_hal.o
 .debug_aranges
                0x000003e0      0x100 ./Drivers/STM32F1xx_HAL_Driver/Src/stm32f1xx_hal_cortex.o
 .debug_aranges
                0x000004e0       0x80 ./Drivers/STM32F1xx_HAL_Driver/Src/stm32f1xx_hal_dma.o
 .debug_aranges
                0x00000560       0x58 ./Drivers/STM32F1xx_HAL_Driver/Src/stm32f1xx_hal_gpio.o
 .debug_aranges
                0x000005b8      0x2a8 ./Drivers/STM32F1xx_HAL_Driver/Src/stm32f1xx_hal_i2c.o
 .debug_aranges
                0x00000860       0x90 ./Drivers/STM32F1xx_HAL_Driver/Src/stm32f1xx_hal_rcc.o
 .debug_aranges
                0x000008f0      0x3d0 ./Drivers/STM32F1xx_HAL_Driver/Src/stm32f1xx_hal_tim.o
 .debug_aranges
                0x00000cc0      0x168 ./Drivers/STM32F1xx_HAL_Driver/Src/stm32f1xx_hal_tim_ex.o
 .debug_aranges
                0x00000e28      0x208 ./Drivers/STM32F1xx_HAL_Driver/Src/stm32f1xx_hal_uart.o

.debug_rnglists
                0x00000000      0xcc9
 .debug_rnglists
                0x00000000       0x8f ./Core/Src/ACC.o
 .debug_rnglists
                0x0000008f       0x56 ./Core/Src/Motor.o
 .debug_rnglists
                0x000000e5       0x32 ./Core/Src/Ultrasonic.o
 .debug_rnglists
                0x00000117       0x4d ./Core/Src/main.o
 .debug_rnglists
                0x00000164       0x3f ./Core/Src/stm32f1xx_hal_msp.o
 .debug_rnglists
                0x000001a3       0x4f ./Core/Src/stm32f1xx_it.o
 .debug_rnglists
                0x000001f2       0x1a ./Core/Src/system_stm32f1xx.o
 .debug_rnglists
                0x0000020c       0x19 ./Core/Startup/startup_stm32f103c8tx.o
 .debug_rnglists
                0x00000225       0xa3 ./Drivers/STM32F1xx_HAL_Driver/Src/stm32f1xx_hal.o
 .debug_rnglists
                0x000002c8       0xbb ./Drivers/STM32F1xx_HAL_Driver/Src/stm32f1xx_hal_cortex.o
 .debug_rnglists
                0x00000383       0x64 ./Drivers/STM32F1xx_HAL_Driver/Src/stm32f1xx_hal_dma.o
 .debug_rnglists
                0x000003e7       0x3f ./Drivers/STM32F1xx_HAL_Driver/Src/stm32f1xx_hal_gpio.o
 .debug_rnglists
                0x00000426      0x23c ./Drivers/STM32F1xx_HAL_Driver/Src/stm32f1xx_hal_i2c.o
 .debug_rnglists
                0x00000662       0x6c ./Drivers/STM32F1xx_HAL_Driver/Src/stm32f1xx_hal_rcc.o
 .debug_rnglists
                0x000006ce      0x31a ./Drivers/STM32F1xx_HAL_Driver/Src/stm32f1xx_hal_tim.o
 .debug_rnglists
                0x000009e8      0x125 ./Drivers/STM32F1xx_HAL_Driver/Src/stm32f1xx_hal_tim_ex.o
 .debug_rnglists
                0x00000b0d      0x1bc ./Drivers/STM32F1xx_HAL_Driver/Src/stm32f1xx_hal_uart.o

.debug_macro    0x00000000    0x179a9
 .debug_macro   0x00000000      0x1e1 ./Core/Src/ACC.o
 .debug_macro   0x000001e1      0xacc ./Core/Src/ACC.o
 .debug_macro   0x00000cad      0x221 ./Core/Src/ACC.o
 .debug_macro   0x00000ece       0x2e ./Core/Src/ACC.o
 .debug_macro   0x00000efc       0x22 ./Core/Src/ACC.o
 .debug_macro   0x00000f1e       0x22 ./Core/Src/ACC.o
 .debug_macro   0x00000f40       0x8e ./Core/Src/ACC.o
 .debug_macro   0x00000fce       0x51 ./Core/Src/ACC.o
 .debug_macro   0x0000101f      0x103 ./Core/Src/ACC.o
 .debug_macro   0x00001122       0x6a ./Core/Src/ACC.o
 .debug_macro   0x0000118c      0x1df ./Core/Src/ACC.o
 .debug_macro   0x0000136b       0x1c ./Core/Src/ACC.o
 .debug_macro   0x00001387       0x22 ./Core/Src/ACC.o
 .debug_macro   0x000013a9       0xbd ./Core/Src/ACC.o
 .debug_macro   0x00001466      0xd23 ./Core/Src/ACC.o
 .debug_macro   0x00002189     0xe09e ./Core/Src/ACC.o
 .debug_macro   0x00010227       0x6d ./Core/Src/ACC.o
 .debug_macro   0x00010294     0x34a2 ./Core/Src/ACC.o
 .debug_macro   0x00013736      0x190 ./Core/Src/ACC.o
 .debug_macro   0x000138c6       0x5c ./Core/Src/ACC.o
 .debug_macro   0x00013922      0x5bc ./Core/Src/ACC.o
 .debug_macro   0x00013ede      0x289 ./Core/Src/ACC.o
 .debug_macro   0x00014167      0x1cb ./Core/Src/ACC.o
 .debug_macro   0x00014332      0x114 ./Core/Src/ACC.o
 .debug_macro   0x00014446      0x1b2 ./Core/Src/ACC.o
 .debug_macro   0x000145f8       0x27 ./Core/Src/ACC.o
 .debug_macro   0x0001461f      0x136 ./Core/Src/ACC.o
 .debug_macro   0x00014755      0x1bc ./Core/Src/ACC.o
 .debug_macro   0x00014911       0x34 ./Core/Src/ACC.o
 .debug_macro   0x00014945       0x3c ./Core/Src/ACC.o
 .debug_macro   0x00014981       0x57 ./Core/Src/ACC.o
 .debug_macro   0x000149d8       0x87 ./Core/Src/ACC.o
 .debug_macro   0x00014a5f      0x240 ./Core/Src/ACC.o
 .debug_macro   0x00014c9f      0x287 ./Core/Src/ACC.o
 .debug_macro   0x00014f26      0x140 ./Core/Src/ACC.o
 .debug_macro   0x00015066      0x8ed ./Core/Src/ACC.o
 .debug_macro   0x00015953      0x28e ./Core/Src/ACC.o
 .debug_macro   0x00015be1       0x83 ./Core/Src/ACC.o
 .debug_macro   0x00015c64       0x52 ./Core/Src/ACC.o
 .debug_macro   0x00015cb6       0x52 ./Core/Src/ACC.o
 .debug_macro   0x00015d08       0x28 ./Core/Src/ACC.o
 .debug_macro   0x00015d30       0x5e ./Core/Src/ACC.o
 .debug_macro   0x00015d8e      0x1fb ./Core/Src/Motor.o
 .debug_macro   0x00015f89       0x4c ./Core/Src/Motor.o
 .debug_macro   0x00015fd5      0x1cb ./Core/Src/Ultrasonic.o
 .debug_macro   0x000161a0       0x4c ./Core/Src/Ultrasonic.o
 .debug_macro   0x000161ec       0x28 ./Core/Src/Ultrasonic.o
 .debug_macro   0x00016214      0x1ef ./Core/Src/main.o
 .debug_macro   0x00016403       0x5e ./Core/Src/main.o
 .debug_macro   0x00016461      0x1bc ./Core/Src/stm32f1xx_hal_msp.o
 .debug_macro   0x0001661d      0x1d9 ./Core/Src/stm32f1xx_it.o
 .debug_macro   0x000167f6      0x1ad ./Core/Src/system_stm32f1xx.o
 .debug_macro   0x000169a3      0x1d1 ./Drivers/STM32F1xx_HAL_Driver/Src/stm32f1xx_hal.o
 .debug_macro   0x00016b74      0x1ad ./Drivers/STM32F1xx_HAL_Driver/Src/stm32f1xx_hal_cortex.o
 .debug_macro   0x00016d21      0x1ad ./Drivers/STM32F1xx_HAL_Driver/Src/stm32f1xx_hal_dma.o
 .debug_macro   0x00016ece      0x218 ./Drivers/STM32F1xx_HAL_Driver/Src/stm32f1xx_hal_gpio.o
 .debug_macro   0x000170e6      0x1fb ./Drivers/STM32F1xx_HAL_Driver/Src/stm32f1xx_hal_i2c.o
 .debug_macro   0x000172e1      0x1bf ./Drivers/STM32F1xx_HAL_Driver/Src/stm32f1xx_hal_rcc.o
 .debug_macro   0x000174a0      0x1ae ./Drivers/STM32F1xx_HAL_Driver/Src/stm32f1xx_hal_tim.o
 .debug_macro   0x0001764e      0x1ad ./Drivers/STM32F1xx_HAL_Driver/Src/stm32f1xx_hal_tim_ex.o
 .debug_macro   0x000177fb      0x1ae ./Drivers/STM32F1xx_HAL_Driver/Src/stm32f1xx_hal_uart.o

.debug_line     0x00000000    0x1293a
 .debug_line    0x00000000      0xb65 ./Core/Src/ACC.o
 .debug_line    0x00000b65      0x8dd ./Core/Src/Motor.o
 .debug_line    0x00001442      0x872 ./Core/Src/Ultrasonic.o
 .debug_line    0x00001cb4      0xa23 ./Core/Src/main.o
 .debug_line    0x000026d7      0x8a2 ./Core/Src/stm32f1xx_hal_msp.o
 .debug_line    0x00002f79      0x827 ./Core/Src/stm32f1xx_it.o
 .debug_line    0x000037a0      0x792 ./Core/Src/system_stm32f1xx.o
 .debug_line    0x00003f32       0x78 ./Core/Startup/startup_stm32f103c8tx.o
 .debug_line    0x00003faa      0x9c3 ./Drivers/STM32F1xx_HAL_Driver/Src/stm32f1xx_hal.o
 .debug_line    0x0000496d      0xb8d ./Drivers/STM32F1xx_HAL_Driver/Src/stm32f1xx_hal_cortex.o
 .debug_line    0x000054fa      0xdcd ./Drivers/STM32F1xx_HAL_Driver/Src/stm32f1xx_hal_dma.o
 .debug_line    0x000062c7      0xa20 ./Drivers/STM32F1xx_HAL_Driver/Src/stm32f1xx_hal_gpio.o
 .debug_line    0x00006ce7     0x3bc0 ./Drivers/STM32F1xx_HAL_Driver/Src/stm32f1xx_hal_i2c.o
 .debug_line    0x0000a8a7      0xe7c ./Drivers/STM32F1xx_HAL_Driver/Src/stm32f1xx_hal_rcc.o
 .debug_line    0x0000b723     0x34b1 ./Drivers/STM32F1xx_HAL_Driver/Src/stm32f1xx_hal_tim.o
 .debug_line    0x0000ebd4     0x1887 ./Drivers/STM32F1xx_HAL_Driver/Src/stm32f1xx_hal_tim_ex.o
 .debug_line    0x0001045b     0x24df ./Drivers/STM32F1xx_HAL_Driver/Src/stm32f1xx_hal_uart.o

.debug_str      0x00000000    0x8994e
 .debug_str     0x00000000    0x8994e ./Core/Src/ACC.o
                              0x85770 (size before relaxing)
 .debug_str     0x0008994e    0x85913 ./Core/Src/Motor.o
 .debug_str     0x0008994e    0x85831 ./Core/Src/Ultrasonic.o
 .debug_str     0x0008994e    0x8624e ./Core/Src/main.o
 .debug_str     0x0008994e    0x85ee0 ./Core/Src/stm32f1xx_hal_msp.o
 .debug_str     0x0008994e    0x859ca ./Core/Src/stm32f1xx_it.o
 .debug_str     0x0008994e    0x85090 ./Core/Src/system_stm32f1xx.o
 .debug_str     0x0008994e       0x85 ./Core/Startup/startup_stm32f103c8tx.o
 .debug_str     0x0008994e    0x857c3 ./Drivers/STM32F1xx_HAL_Driver/Src/stm32f1xx_hal.o
 .debug_str     0x0008994e    0x8570f ./Drivers/STM32F1xx_HAL_Driver/Src/stm32f1xx_hal_cortex.o
 .debug_str     0x0008994e    0x85439 ./Drivers/STM32F1xx_HAL_Driver/Src/stm32f1xx_hal_dma.o
 .debug_str     0x0008994e    0x85416 ./Drivers/STM32F1xx_HAL_Driver/Src/stm32f1xx_hal_gpio.o
 .debug_str     0x0008994e    0x86157 ./Drivers/STM32F1xx_HAL_Driver/Src/stm32f1xx_hal_i2c.o
 .debug_str     0x0008994e    0x854bf ./Drivers/STM32F1xx_HAL_Driver/Src/stm32f1xx_hal_rcc.o
 .debug_str     0x0008994e    0x864c1 ./Drivers/STM32F1xx_HAL_Driver/Src/stm32f1xx_hal_tim.o
 .debug_str     0x0008994e    0x85ccd ./Drivers/STM32F1xx_HAL_Driver/Src/stm32f1xx_hal_tim_ex.o
 .debug_str     0x0008994e    0x85b30 ./Drivers/STM32F1xx_HAL_Driver/Src/stm32f1xx_hal_uart.o

.comment        0x00000000       0x43
 .comment       0x00000000       0x43 ./Core/Src/ACC.o
                                 0x44 (size before relaxing)
 .comment       0x00000043       0x44 ./Core/Src/Motor.o
 .comment       0x00000043       0x44 ./Core/Src/Ultrasonic.o
 .comment       0x00000043       0x44 ./Core/Src/main.o
 .comment       0x00000043       0x44 ./Core/Src/stm32f1xx_hal_msp.o
 .comment       0x00000043       0x44 ./Core/Src/stm32f1xx_it.o
 .comment       0x00000043       0x44 ./Core/Src/system_stm32f1xx.o
 .comment       0x00000043       0x44 ./Drivers/STM32F1xx_HAL_Driver/Src/stm32f1xx_hal.o
 .comment       0x00000043       0x44 ./Drivers/STM32F1xx_HAL_Driver/Src/stm32f1xx_hal_cortex.o
 .comment       0x00000043       0x44 ./Drivers/STM32F1xx_HAL_Driver/Src/stm32f1xx_hal_dma.o
 .comment       0x00000043       0x44 ./Drivers/STM32F1xx_HAL_Driver/Src/stm32f1xx_hal_gpio.o
 .comment       0x00000043       0x44 ./Drivers/STM32F1xx_HAL_Driver/Src/stm32f1xx_hal_i2c.o
 .comment       0x00000043       0x44 ./Drivers/STM32F1xx_HAL_Driver/Src/stm32f1xx_hal_rcc.o
 .comment       0x00000043       0x44 ./Drivers/STM32F1xx_HAL_Driver/Src/stm32f1xx_hal_tim.o
 .comment       0x00000043       0x44 ./Drivers/STM32F1xx_HAL_Driver/Src/stm32f1xx_hal_tim_ex.o
 .comment       0x00000043       0x44 ./Drivers/STM32F1xx_HAL_Driver/Src/stm32f1xx_hal_uart.o

.debug_frame    0x00000000     0x44c0
 .debug_frame   0x00000000      0x2dc ./Core/Src/ACC.o
 .debug_frame   0x000002dc      0x194 ./Core/Src/Motor.o
 .debug_frame   0x00000470       0xc8 ./Core/Src/Ultrasonic.o
 .debug_frame   0x00000538      0x14c ./Core/Src/main.o
 .debug_frame   0x00000684      0x134 ./Core/Src/stm32f1xx_hal_msp.o
 .debug_frame   0x000007b8      0x13c ./Core/Src/stm32f1xx_it.o
 .debug_frame   0x000008f4       0x58 ./Core/Src/system_stm32f1xx.o
 .debug_frame   0x0000094c      0x334 ./Drivers/STM32F1xx_HAL_Driver/Src/stm32f1xx_hal.o
 .debug_frame   0x00000c80      0x428 ./Drivers/STM32F1xx_HAL_Driver/Src/stm32f1xx_hal_cortex.o
 .debug_frame   0x000010a8      0x208 ./Drivers/STM32F1xx_HAL_Driver/Src/stm32f1xx_hal_dma.o
 .debug_frame   0x000012b0      0x14c ./Drivers/STM32F1xx_HAL_Driver/Src/stm32f1xx_hal_gpio.o
 .debug_frame   0x000013fc      0xc84 ./Drivers/STM32F1xx_HAL_Driver/Src/stm32f1xx_hal_i2c.o
 .debug_frame   0x00002080      0x218 ./Drivers/STM32F1xx_HAL_Driver/Src/stm32f1xx_hal_rcc.o
 .debug_frame   0x00002298     0x11b8 ./Drivers/STM32F1xx_HAL_Driver/Src/stm32f1xx_hal_tim.o
 .debug_frame   0x00003450      0x638 ./Drivers/STM32F1xx_HAL_Driver/Src/stm32f1xx_hal_tim_ex.o
 .debug_frame   0x00003a88      0x944 ./Drivers/STM32F1xx_HAL_Driver/Src/stm32f1xx_hal_uart.o
 .debug_frame   0x000043cc       0x20 C:/ST/STM32CubeIDE_1.18.0/STM32CubeIDE/plugins/com.st.stm32cube.ide.mcu.externaltools.gnu-tools-for-stm32.13.3.rel1.win32_1.0.0.202411081344/tools/bin/../lib/gcc/arm-none-eabi/13.3.1/../../../../arm-none-eabi/lib/thumb/v7-m/nofp\libc_nano.a(libc_a-memset.o)
 .debug_frame   0x000043ec       0x2c C:/ST/STM32CubeIDE_1.18.0/STM32CubeIDE/plugins/com.st.stm32cube.ide.mcu.externaltools.gnu-tools-for-stm32.13.3.rel1.win32_1.0.0.202411081344/tools/bin/../lib/gcc/arm-none-eabi/13.3.1/../../../../arm-none-eabi/lib/thumb/v7-m/nofp\libc_nano.a(libc_a-init.o)
 .debug_frame   0x00004418       0x4c C:/ST/STM32CubeIDE_1.18.0/STM32CubeIDE/plugins/com.st.stm32cube.ide.mcu.externaltools.gnu-tools-for-stm32.13.3.rel1.win32_1.0.0.202411081344/tools/bin/../lib/gcc/arm-none-eabi/13.3.1/thumb/v7-m/nofp\libgcc.a(_arm_addsubsf3.o)
 .debug_frame   0x00004464       0x38 C:/ST/STM32CubeIDE_1.18.0/STM32CubeIDE/plugins/com.st.stm32cube.ide.mcu.externaltools.gnu-tools-for-stm32.13.3.rel1.win32_1.0.0.202411081344/tools/bin/../lib/gcc/arm-none-eabi/13.3.1/thumb/v7-m/nofp\libgcc.a(_arm_muldivsf3.o)
 .debug_frame   0x0000449c       0x24 C:/ST/STM32CubeIDE_1.18.0/STM32CubeIDE/plugins/com.st.stm32cube.ide.mcu.externaltools.gnu-tools-for-stm32.13.3.rel1.win32_1.0.0.202411081344/tools/bin/../lib/gcc/arm-none-eabi/13.3.1/thumb/v7-m/nofp\libgcc.a(_arm_fixunssfsi.o)

.debug_line_str
                0x00000000       0x69
 .debug_line_str
                0x00000000       0x69 ./Core/Startup/startup_stm32f103c8tx.o
