../Core/Src/Motor.c:25:6:Motors_Init	8	static
../Core/Src/Motor.c:37:6:Set_Speed	24	static
../Core/Src/Motor.c:53:6:Move_Forward	8	static
../Core/Src/Motor.c:64:6:Move_Backward	8	static
../Core/Src/Motor.c:75:6:Move_Right	8	static
../Core/Src/Motor.c:85:6:Move_Left	8	static
../Core/Src/Motor.c:98:6:Turn_Right	32	static
../Core/Src/Motor.c:119:6:Turn_Left	32	static
../Core/Src/Motor.c:138:6:Increase_speed	24	static
../Core/Src/Motor.c:165:6:Decrease_speed	24	static
../Core/Src/Motor.c:178:6:Stop_Motors	8	static
../Core/Src/Motor.c:190:6:Delay_ms	16	static
