Motor_L298N.c:20:6:Motors_Init	8	static
Motor_L298N.c:31:6:Set_Speed	24	static
Motor_L298N.c:37:6:Move_Forward	8	static
Motor_L298N.c:48:6:Move_Backward	8	static
Motor_L298N.c:59:6:Move_Right	8	static
Motor_L298N.c:72:6:Move_Left	8	static
Motor_L298N.c:84:6:Motors_Stop	8	static
Motor_L298N.c:97:6:speed_increment	24	static
Motor_L298N.c:123:6:speed_decrement	24	static
Motor_L298N.c:134:6:speed_increment_distance	16	static
Motor_L298N.c:156:6:speed_decrement_distance	16	static
Motor_L298N.c:166:6:Turn_left	24	static
Motor_L298N.c:189:6:Turn_right	24	static
Motor_L298N.c:211:6:Move_Stop	16	static
