../Core/Src/main.c:112:5:main	32	static
../Core/Src/main.c:226:6:SystemClock_Config	72	static
../Core/Src/main.c:266:13:MX_I2C1_Init	8	static
../Core/Src/main.c:300:13:MX_TIM1_Init	96	static
../Core/Src/main.c:379:13:MX_TIM2_Init	32	static
../Core/Src/main.c:418:6:HAL_UART_RxCpltCallback	16	static
../Core/Src/main.c:461:13:MX_USART1_UART_Init	8	static
../Core/Src/main.c:494:13:MX_USART2_UART_Init	8	static
../Core/Src/main.c:527:13:MX_USART3_UART_Init	8	static
../Core/Src/main.c:560:13:MX_GPIO_Init	40	static
../Core/Src/main.c:604:6:Error_Handler	4	static
