Archive member included to satisfy reference by file (symbol)

c:/st/stm32cubeide_1.4.0/stm32cubeide/plugins/com.st.stm32cube.ide.mcu.externaltools.gnu-tools-for-stm32.7-2018-q2-update.win32_1.4.0.202007081208/tools/bin/../lib/gcc/arm-none-eabi/7.3.1/../../../../arm-none-eabi/lib/thumb/v7-m\libc_nano.a(lib_a-errno.o)
                              Src/syscalls.o (__errno)
c:/st/stm32cubeide_1.4.0/stm32cubeide/plugins/com.st.stm32cube.ide.mcu.externaltools.gnu-tools-for-stm32.7-2018-q2-update.win32_1.4.0.202007081208/tools/bin/../lib/gcc/arm-none-eabi/7.3.1/../../../../arm-none-eabi/lib/thumb/v7-m\libc_nano.a(lib_a-exit.o)
                              c:/st/stm32cubeide_1.4.0/stm32cubeide/plugins/com.st.stm32cube.ide.mcu.externaltools.gnu-tools-for-stm32.7-2018-q2-update.win32_1.4.0.202007081208/tools/bin/../lib/gcc/arm-none-eabi/7.3.1/../../../../arm-none-eabi/lib/thumb/v7-m/crt0.o (exit)
c:/st/stm32cubeide_1.4.0/stm32cubeide/plugins/com.st.stm32cube.ide.mcu.externaltools.gnu-tools-for-stm32.7-2018-q2-update.win32_1.4.0.202007081208/tools/bin/../lib/gcc/arm-none-eabi/7.3.1/../../../../arm-none-eabi/lib/thumb/v7-m\libc_nano.a(lib_a-impure.o)
                              c:/st/stm32cubeide_1.4.0/stm32cubeide/plugins/com.st.stm32cube.ide.mcu.externaltools.gnu-tools-for-stm32.7-2018-q2-update.win32_1.4.0.202007081208/tools/bin/../lib/gcc/arm-none-eabi/7.3.1/../../../../arm-none-eabi/lib/thumb/v7-m\libc_nano.a(lib_a-exit.o) (_global_impure_ptr)
c:/st/stm32cubeide_1.4.0/stm32cubeide/plugins/com.st.stm32cube.ide.mcu.externaltools.gnu-tools-for-stm32.7-2018-q2-update.win32_1.4.0.202007081208/tools/bin/../lib/gcc/arm-none-eabi/7.3.1/../../../../arm-none-eabi/lib/thumb/v7-m\libc_nano.a(lib_a-init.o)
                              c:/st/stm32cubeide_1.4.0/stm32cubeide/plugins/com.st.stm32cube.ide.mcu.externaltools.gnu-tools-for-stm32.7-2018-q2-update.win32_1.4.0.202007081208/tools/bin/../lib/gcc/arm-none-eabi/7.3.1/../../../../arm-none-eabi/lib/thumb/v7-m/crt0.o (__libc_init_array)
c:/st/stm32cubeide_1.4.0/stm32cubeide/plugins/com.st.stm32cube.ide.mcu.externaltools.gnu-tools-for-stm32.7-2018-q2-update.win32_1.4.0.202007081208/tools/bin/../lib/gcc/arm-none-eabi/7.3.1/../../../../arm-none-eabi/lib/thumb/v7-m\libc_nano.a(lib_a-memset.o)
                              c:/st/stm32cubeide_1.4.0/stm32cubeide/plugins/com.st.stm32cube.ide.mcu.externaltools.gnu-tools-for-stm32.7-2018-q2-update.win32_1.4.0.202007081208/tools/bin/../lib/gcc/arm-none-eabi/7.3.1/../../../../arm-none-eabi/lib/thumb/v7-m/crt0.o (memset)

Allocating common symbols
Common symbol       size              file

ISRcalback          0x8               Stm32_F103C6_Drivers/Timer/STM32_TIMERS_DRIVER.o
numper_waves        0x1               Stm32_F103C6_Drivers/Timer/STM32_TIMERS_DRIVER.o
ISR_TIMER_COPY      0x4               Stm32_F103C6_Drivers/Timer/STM32_TIMERS_DRIVER.o
GP_FuncCallBack     0x40              Stm32_F103C6_Drivers/EXTI/stm32_F103C6_EXTI_driver.o
GP_IRQ_Callback     0x3c              Stm32_F103C6_Drivers/ISR/stm32f103c6_ISR_DRIVER.o

Discarded input sections

 .text          0x0000000000000000        0x0 c:/st/stm32cubeide_1.4.0/stm32cubeide/plugins/com.st.stm32cube.ide.mcu.externaltools.gnu-tools-for-stm32.7-2018-q2-update.win32_1.4.0.202007081208/tools/bin/../lib/gcc/arm-none-eabi/7.3.1/thumb/v7-m/crti.o
 .data          0x0000000000000000        0x0 c:/st/stm32cubeide_1.4.0/stm32cubeide/plugins/com.st.stm32cube.ide.mcu.externaltools.gnu-tools-for-stm32.7-2018-q2-update.win32_1.4.0.202007081208/tools/bin/../lib/gcc/arm-none-eabi/7.3.1/thumb/v7-m/crti.o
 .bss           0x0000000000000000        0x0 c:/st/stm32cubeide_1.4.0/stm32cubeide/plugins/com.st.stm32cube.ide.mcu.externaltools.gnu-tools-for-stm32.7-2018-q2-update.win32_1.4.0.202007081208/tools/bin/../lib/gcc/arm-none-eabi/7.3.1/thumb/v7-m/crti.o
 .data          0x0000000000000000        0x4 c:/st/stm32cubeide_1.4.0/stm32cubeide/plugins/com.st.stm32cube.ide.mcu.externaltools.gnu-tools-for-stm32.7-2018-q2-update.win32_1.4.0.202007081208/tools/bin/../lib/gcc/arm-none-eabi/7.3.1/thumb/v7-m/crtbegin.o
 .text          0x0000000000000000       0x74 c:/st/stm32cubeide_1.4.0/stm32cubeide/plugins/com.st.stm32cube.ide.mcu.externaltools.gnu-tools-for-stm32.7-2018-q2-update.win32_1.4.0.202007081208/tools/bin/../lib/gcc/arm-none-eabi/7.3.1/../../../../arm-none-eabi/lib/thumb/v7-m/crt0.o
 .data          0x0000000000000000        0x0 c:/st/stm32cubeide_1.4.0/stm32cubeide/plugins/com.st.stm32cube.ide.mcu.externaltools.gnu-tools-for-stm32.7-2018-q2-update.win32_1.4.0.202007081208/tools/bin/../lib/gcc/arm-none-eabi/7.3.1/../../../../arm-none-eabi/lib/thumb/v7-m/crt0.o
 .bss           0x0000000000000000        0x0 c:/st/stm32cubeide_1.4.0/stm32cubeide/plugins/com.st.stm32cube.ide.mcu.externaltools.gnu-tools-for-stm32.7-2018-q2-update.win32_1.4.0.202007081208/tools/bin/../lib/gcc/arm-none-eabi/7.3.1/../../../../arm-none-eabi/lib/thumb/v7-m/crt0.o
[...]
Memory Configuration

Name             Origin             Length             Attributes
RAM              0x0000000020000000 0x0000000000005000 xrw
ROM              0x0000000008000000 0x0000000000010000 xr
*default*        0x0000000000000000 0xffffffffffffffff

Linker script and memory map

LOAD c:/st/stm32cubeide_1.4.0/stm32cubeide/plugins/com.st.stm32cube.ide.mcu.externaltools.gnu-tools-for-stm32.7-2018-q2-update.win32_1.4.0.202007081208/tools/bin/../lib/gcc/arm-none-eabi/7.3.1/thumb/v7-m/crti.o
LOAD c:/st/stm32cubeide_1.4.0/stm32cubeide/plugins/com.st.stm32cube.ide.mcu.externaltools.gnu-tools-for-stm32.7-2018-q2-update.win32_1.4.0.202007081208/tools/bin/../lib/gcc/arm-none-eabi/7.3.1/thumb/v7-m/crtbegin.o
LOAD c:/st/stm32cubeide_1.4.0/stm32cubeide/plugins/com.st.stm32cube.ide.mcu.externaltools.gnu-tools-for-stm32.7-2018-q2-update.win32_1.4.0.202007081208/tools/bin/../lib/gcc/arm-none-eabi/7.3.1/../../../../arm-none-eabi/lib/thumb/v7-m/crt0.o
LOAD HAL/Motor/Motor_L298N.o
LOAD HAL/Ultrasonic/Ultrasonic_driver.o
LOAD Src/main.o
LOAD Src/syscalls.o
LOAD Src/sysmem.o
LOAD Startup/startup_stm32f103c8tx.o
LOAD Stm32_F103C6_Drivers/EXTI/stm32_F103C6_EXTI_driver.o
LOAD Stm32_F103C6_Drivers/GPIO/stm32_F103C6_gpio_driver.o
LOAD Stm32_F103C6_Drivers/ISR/stm32f103c6_ISR_DRIVER.o
LOAD Stm32_F103C6_Drivers/Rcc/RCC.o
LOAD Stm32_F103C6_Drivers/Speed/stm32_speed_DRIVER.o
LOAD Stm32_F103C6_Drivers/Timer/STM32_TIMERS_DRIVER.o
LOAD Stm32_F103C6_Drivers/USART/uart.o
START GROUP
LOAD c:/st/stm32cubeide_1.4.0/stm32cubeide/plugins/com.st.stm32cube.ide.mcu.externaltools.gnu-tools-for-stm32.7-2018-q2-update.win32_1.4.0.202007081208/tools/bin/../lib/gcc/arm-none-eabi/7.3.1/../../../../arm-none-eabi/lib/thumb/v7-m\libc_nano.a
LOAD c:/st/stm32cubeide_1.4.0/stm32cubeide/plugins/com.st.stm32cube.ide.mcu.externaltools.gnu-tools-for-stm32.7-2018-q2-update.win32_1.4.0.202007081208/tools/bin/../lib/gcc/arm-none-eabi/7.3.1/../../../../arm-none-eabi/lib/thumb/v7-m\libm.a
END GROUP
START GROUP
LOAD c:/st/stm32cubeide_1.4.0/stm32cubeide/plugins/com.st.stm32cube.ide.mcu.externaltools.gnu-tools-for-stm32.7-2018-q2-update.win32_1.4.0.202007081208/tools/bin/../lib/gcc/arm-none-eabi/7.3.1/thumb/v7-m\libgcc.a
LOAD c:/st/stm32cubeide_1.4.0/stm32cubeide/plugins/com.st.stm32cube.ide.mcu.externaltools.gnu-tools-for-stm32.7-2018-q2-update.win32_1.4.0.202007081208/tools/bin/../lib/gcc/arm-none-eabi/7.3.1/../../../../arm-none-eabi/lib/thumb/v7-m\libc_nano.a
END GROUP
START GROUP
LOAD c:/st/stm32cubeide_1.4.0/stm32cubeide/plugins/com.st.stm32cube.ide.mcu.externaltools.gnu-tools-for-stm32.7-2018-q2-update.win32_1.4.0.202007081208/tools/bin/../lib/gcc/arm-none-eabi/7.3.1/thumb/v7-m\libgcc.a
LOAD c:/st/stm32cubeide_1.4.0/stm32cubeide/plugins/com.st.stm32cube.ide.mcu.externaltools.gnu-tools-for-stm32.7-2018-q2-update.win32_1.4.0.202007081208/tools/bin/../lib/gcc/arm-none-eabi/7.3.1/../../../../arm-none-eabi/lib/thumb/v7-m\libc_nano.a
LOAD c:/st/stm32cubeide_1.4.0/stm32cubeide/plugins/com.st.stm32cube.ide.mcu.externaltools.gnu-tools-for-stm32.7-2018-q2-update.win32_1.4.0.202007081208/tools/bin/../lib/gcc/arm-none-eabi/7.3.1/../../../../arm-none-eabi/lib/thumb/v7-m\libnosys.a
END GROUP
START GROUP
LOAD c:/st/stm32cubeide_1.4.0/stm32cubeide/plugins/com.st.stm32cube.ide.mcu.externaltools.gnu-tools-for-stm32.7-2018-q2-update.win32_1.4.0.202007081208/tools/bin/../lib/gcc/arm-none-eabi/7.3.1/thumb/v7-m\libgcc.a
LOAD c:/st/stm32cubeide_1.4.0/stm32cubeide/plugins/com.st.stm32cube.ide.mcu.externaltools.gnu-tools-for-stm32.7-2018-q2-update.win32_1.4.0.202007081208/tools/bin/../lib/gcc/arm-none-eabi/7.3.1/../../../../arm-none-eabi/lib/thumb/v7-m\libc_nano.a
LOAD c:/st/stm32cubeide_1.4.0/stm32cubeide/plugins/com.st.stm32cube.ide.mcu.externaltools.gnu-tools-for-stm32.7-2018-q2-update.win32_1.4.0.202007081208/tools/bin/../lib/gcc/arm-none-eabi/7.3.1/../../../../arm-none-eabi/lib/thumb/v7-m\libnosys.a
END GROUP
LOAD c:/st/stm32cubeide_1.4.0/stm32cubeide/plugins/com.st.stm32cube.ide.mcu.externaltools.gnu-tools-for-stm32.7-2018-q2-update.win32_1.4.0.202007081208/tools/bin/../lib/gcc/arm-none-eabi/7.3.1/thumb/v7-m/crtend.o
LOAD c:/st/stm32cubeide_1.4.0/stm32cubeide/plugins/com.st.stm32cube.ide.mcu.externaltools.gnu-tools-for-stm32.7-2018-q2-update.win32_1.4.0.202007081208/tools/bin/../lib/gcc/arm-none-eabi/7.3.1/thumb/v7-m/crtn.o
                0x0000000020005000                _estack = (ORIGIN (RAM) + LENGTH (RAM))
                0x0000000000000200                _Min_Heap_Size = 0x200
                0x0000000000000400                _Min_Stack_Size = 0x400

.isr_vector     0x0000000008000000      0x130
                0x0000000008000000                . = ALIGN (0x4)
 *(.isr_vector)
 .isr_vector    0x0000000008000000      0x130 Startup/startup_stm32f103c8tx.o
                0x0000000008000000                g_pfnVectors
                0x0000000008000130                . = ALIGN (0x4)

.text           0x0000000008000130     0x24c0
                0x0000000008000130                . = ALIGN (0x4)
 *(.text)
 .text          0x0000000008000130       0x40 c:/st/stm32cubeide_1.4.0/stm32cubeide/plugins/com.st.stm32cube.ide.mcu.externaltools.gnu-tools-for-stm32.7-2018-q2-update.win32_1.4.0.202007081208/tools/bin/../lib/gcc/arm-none-eabi/7.3.1/thumb/v7-m/crtbegin.o
 *(.text*)
 .text.Motors_Init
                0x0000000008000170       0x50 HAL/Motor/Motor_L298N.o
                0x0000000008000170                Motors_Init
 .text.Set_Speed
                0x00000000080001c0       0x3c HAL/Motor/Motor_L298N.o
                0x00000000080001c0                Set_Speed
 .text.Move_Forward
                0x00000000080001fc       0x34 HAL/Motor/Motor_L298N.o
                0x00000000080001fc                Move_Forward
 .text.Move_Right
                0x0000000008000230       0x34 HAL/Motor/Motor_L298N.o
                0x0000000008000230                Move_Right
 .text.Move_Left
                0x0000000008000264       0x34 HAL/Motor/Motor_L298N.o
                0x0000000008000264                Move_Left
 .text.Motors_Stop
                0x0000000008000298       0x34 HAL/Motor/Motor_L298N.o
                0x0000000008000298                Motors_Stop
 .text.speed_increment
                0x00000000080002cc       0x9c HAL/Motor/Motor_L298N.o
                0x00000000080002cc                speed_increment
 .text.speed_decrement
                0x0000000008000368       0x34 HAL/Motor/Motor_L298N.o
                0x0000000008000368                speed_decrement
 .text.Turn_left
                0x000000000800039c       0xa0 HAL/Motor/Motor_L298N.o
                0x000000000800039c                Turn_left
 .text.Turn_right
                0x000000000800043c       0xa0 HAL/Motor/Motor_L298N.o
                0x000000000800043c                Turn_right
 .text.Front_EchoISR
                0x00000000080004dc       0x50 HAL/Ultrasonic/Ultrasonic_driver.o
 .text.Left_EchoISR
                0x000000000800052c       0x50 HAL/Ultrasonic/Ultrasonic_driver.o
 .text.Right_EchoISR
                0x000000000800057c       0x50 HAL/Ultrasonic/Ultrasonic_driver.o
 .text.Ultrasonic_Init
                0x00000000080005cc       0xc4 HAL/Ultrasonic/Ultrasonic_driver.o
                0x00000000080005cc                Ultrasonic_Init
 .text.Get_Distance_Front
                0x0000000008000690       0xa0 HAL/Ultrasonic/Ultrasonic_driver.o
                0x0000000008000690                Get_Distance_Front
 .text.Get_Distance_Left
                0x0000000008000730       0xa0 HAL/Ultrasonic/Ultrasonic_driver.o
                0x0000000008000730                Get_Distance_Left
 .text.Get_Distance_Right
                0x00000000080007d0       0xa0 HAL/Ultrasonic/Ultrasonic_driver.o
                0x00000000080007d0                Get_Distance_Right
 .text.main     0x0000000008000870       0xa4 Src/main.o
                0x0000000008000870                main
 .text.Reset_Handler
                0x0000000008000914       0x50 Startup/startup_stm32f103c8tx.o
                0x0000000008000914                Reset_Handler
 .text.Default_Handler
                0x0000000008000964        0x2 Startup/startup_stm32f103c8tx.o
                0x0000000008000964                TIM8_TRG_COM_IRQHandler
                0x0000000008000964                TIM8_CC_IRQHandler
                0x0000000008000964                DebugMon_Handler
                0x0000000008000964                TIM1_CC_IRQHandler
                0x0000000008000964                HardFault_Handler
                0x0000000008000964                TIM6_IRQHandler
                0x0000000008000964                SysTick_Handler
                0x0000000008000964                PVD_IRQHandler
                0x0000000008000964                SDIO_IRQHandler
                0x0000000008000964                PendSV_Handler
                0x0000000008000964                NMI_Handler
                0x0000000008000964                USB_HP_CAN_TX_IRQHandler
                0x0000000008000964                I2C2_EV_IRQHandler
                0x0000000008000964                UsageFault_Handler
                0x0000000008000964                ADC1_2_IRQHandler
                0x0000000008000964                SPI1_IRQHandler
                0x0000000008000964                CAN_SCE_IRQHandler
                0x0000000008000964                TAMPER_IRQHandler
                0x0000000008000964                TIM8_UP_IRQHandler
                0x0000000008000964                DMA2_Channel2_IRQHandler
                0x0000000008000964                DMA1_Channel4_IRQHandler
                0x0000000008000964                RTC_IRQHandler
                0x0000000008000964                DMA1_Channel7_IRQHandler
                0x0000000008000964                UART5_IRQHandler
                0x0000000008000964                ADC3_IRQHandler
                0x0000000008000964                CAN_RX1_IRQHandler
                0x0000000008000964                DMA2_Channel1_IRQHandler
                0x0000000008000964                I2C1_EV_IRQHandler
                0x0000000008000964                DMA1_Channel6_IRQHandler
                0x0000000008000964                UART4_IRQHandler
                0x0000000008000964                RCC_IRQHandler
                0x0000000008000964                TIM1_TRG_COM_IRQHandler
                0x0000000008000964                DMA1_Channel1_IRQHandler
                0x0000000008000964                Default_Handler
                0x0000000008000964                TIM7_IRQHandler
                0x0000000008000964                TIM5_IRQHandler
                0x0000000008000964                SPI2_IRQHandler
                0x0000000008000964                USB_LP_CAN_RX0_IRQHandler
                0x0000000008000964                MemManage_Handler
                0x0000000008000964                SVC_Handler
                0x0000000008000964                DMA1_Channel5_IRQHandler
                0x0000000008000964                DMA1_Channel3_IRQHandler
                0x0000000008000964                FSMC_IRQHandler
                0x0000000008000964                WWDG_IRQHandler
                0x0000000008000964                TIM1_BRK_IRQHandler
                0x0000000008000964                RTCAlarm_IRQHandler
                0x0000000008000964                DMA2_Channel4_5_IRQHandler
                0x0000000008000964                I2C2_ER_IRQHandler
                0x0000000008000964                DMA1_Channel2_IRQHandler
                0x0000000008000964                TIM8_BRK_IRQHandler
                0x0000000008000964                FLASH_IRQHandler
                0x0000000008000964                BusFault_Handler
                0x0000000008000964                SPI3_IRQHandler
                0x0000000008000964                I2C1_ER_IRQHandler
                0x0000000008000964                DMA2_Channel3_IRQHandler
 .text.getposition
                0x0000000008000966       0xb6 Stm32_F103C6_Drivers/GPIO/stm32_F103C6_gpio_driver.o
                0x0000000008000966                getposition
 .text.pinmode  0x0000000008000a1c      0x1c4 Stm32_F103C6_Drivers/GPIO/stm32_F103C6_gpio_driver.o
                0x0000000008000a1c                pinmode
 .text.pinwrite
                0x0000000008000be0       0x48 Stm32_F103C6_Drivers/GPIO/stm32_F103C6_gpio_driver.o
                0x0000000008000be0                pinwrite
 .text.READ_PIN
                0x0000000008000c28       0x28 Stm32_F103C6_Drivers/GPIO/stm32_F103C6_gpio_driver.o
                0x0000000008000c28                READ_PIN
 .text.Enable_NVIC
                0x0000000008000c50       0xcc Stm32_F103C6_Drivers/ISR/stm32f103c6_ISR_DRIVER.o
                0x0000000008000c50                Enable_NVIC
 .text.EXIT     0x0000000008000d1c      0x80c Stm32_F103C6_Drivers/ISR/stm32f103c6_ISR_DRIVER.o
                0x0000000008000d1c                EXIT
 .text.EXTI0_IRQHandler
                0x0000000008001528       0x24 Stm32_F103C6_Drivers/ISR/stm32f103c6_ISR_DRIVER.o
                0x0000000008001528                EXTI0_IRQHandler
 .text.EXTI1_IRQHandler
                0x000000000800154c       0x24 Stm32_F103C6_Drivers/ISR/stm32f103c6_ISR_DRIVER.o
                0x000000000800154c                EXTI1_IRQHandler
 .text.EXTI2_IRQHandler
                0x0000000008001570       0x24 Stm32_F103C6_Drivers/ISR/stm32f103c6_ISR_DRIVER.o
                0x0000000008001570                EXTI2_IRQHandler
 .text.EXTI3_IRQHandler
                0x0000000008001594       0x24 Stm32_F103C6_Drivers/ISR/stm32f103c6_ISR_DRIVER.o
                0x0000000008001594                EXTI3_IRQHandler
 .text.EXTI4_IRQHandler
                0x00000000080015b8       0x24 Stm32_F103C6_Drivers/ISR/stm32f103c6_ISR_DRIVER.o
                0x00000000080015b8                EXTI4_IRQHandler
 .text.EXTI9_5_IRQHandler
                0x00000000080015dc       0xa8 Stm32_F103C6_Drivers/ISR/stm32f103c6_ISR_DRIVER.o
                0x00000000080015dc                EXTI9_5_IRQHandler
 .text.EXTI15_10_IRQHandler
                0x0000000008001684       0xc4 Stm32_F103C6_Drivers/ISR/stm32f103c6_ISR_DRIVER.o
                0x0000000008001684                EXTI15_10_IRQHandler
 .text.MCAL_speed_init
                0x0000000008001748      0x118 Stm32_F103C6_Drivers/Speed/stm32_speed_DRIVER.o
                0x0000000008001748                MCAL_speed_init
 .text.PWM      0x0000000008001860      0x71c Stm32_F103C6_Drivers/Timer/STM32_TIMERS_DRIVER.o
                0x0000000008001860                PWM
 .text.delay    0x0000000008001f7c      0x164 Stm32_F103C6_Drivers/Timer/STM32_TIMERS_DRIVER.o
                0x0000000008001f7c                delay
 .text.TIME_CALCULATION
                0x00000000080020e0       0xe8 Stm32_F103C6_Drivers/Timer/STM32_TIMERS_DRIVER.o
                0x00000000080020e0                TIME_CALCULATION
 .text.SPWM_timer_INIT
                0x00000000080021c8      0x104 Stm32_F103C6_Drivers/Timer/STM32_TIMERS_DRIVER.o
                0x00000000080021c8                SPWM_timer_INIT
 .text.TIM2_IRQHandler
                0x00000000080022cc       0x3c Stm32_F103C6_Drivers/Timer/STM32_TIMERS_DRIVER.o
                0x00000000080022cc                TIM2_IRQHandler
 .text.TIM3_IRQHandler
                0x0000000008002308       0x80 Stm32_F103C6_Drivers/Timer/STM32_TIMERS_DRIVER.o
                0x0000000008002308                TIM3_IRQHandler
 .text.TIM4_IRQHandler
                0x0000000008002388       0x2c Stm32_F103C6_Drivers/Timer/STM32_TIMERS_DRIVER.o
                0x0000000008002388                TIM4_IRQHandler
 .text.TIM1_UP_IRQHandler
                0x00000000080023b4      0x1a0 Stm32_F103C6_Drivers/Timer/STM32_TIMERS_DRIVER.o
                0x00000000080023b4                TIM1_UP_IRQHandler
 .text.USART1_IRQHandler
                0x0000000008002554       0x14 Stm32_F103C6_Drivers/USART/uart.o
                0x0000000008002554                USART1_IRQHandler
 .text.USART2_IRQHandler
                0x0000000008002568       0x14 Stm32_F103C6_Drivers/USART/uart.o
                0x0000000008002568                USART2_IRQHandler
 .text.USART3_IRQHandler
                0x000000000800257c       0x14 Stm32_F103C6_Drivers/USART/uart.o
                0x000000000800257c                USART3_IRQHandler
 .text.__libc_init_array
                0x0000000008002590       0x48 c:/st/stm32cubeide_1.4.0/stm32cubeide/plugins/com.st.stm32cube.ide.mcu.externaltools.gnu-tools-for-stm32.7-2018-q2-update.win32_1.4.0.202007081208/tools/bin/../lib/gcc/arm-none-eabi/7.3.1/../../../../arm-none-eabi/lib/thumb/v7-m\libc_nano.a(lib_a-init.o)
                0x0000000008002590                __libc_init_array
 *(.glue_7)
 .glue_7        0x00000000080025d8        0x0 linker stubs
 *(.glue_7t)
 .glue_7t       0x00000000080025d8        0x0 linker stubs
 *(.eh_frame)
 .eh_frame      0x00000000080025d8        0x0 c:/st/stm32cubeide_1.4.0/stm32cubeide/plugins/com.st.stm32cube.ide.mcu.externaltools.gnu-tools-for-stm32.7-2018-q2-update.win32_1.4.0.202007081208/tools/bin/../lib/gcc/arm-none-eabi/7.3.1/thumb/v7-m/crtbegin.o
 *(.init)
 .init          0x00000000080025d8        0x4 c:/st/stm32cubeide_1.4.0/stm32cubeide/plugins/com.st.stm32cube.ide.mcu.externaltools.gnu-tools-for-stm32.7-2018-q2-update.win32_1.4.0.202007081208/tools/bin/../lib/gcc/arm-none-eabi/7.3.1/thumb/v7-m/crti.o
                0x00000000080025d8                _init
 .init          0x00000000080025dc        0x8 c:/st/stm32cubeide_1.4.0/stm32cubeide/plugins/com.st.stm32cube.ide.mcu.externaltools.gnu-tools-for-stm32.7-2018-q2-update.win32_1.4.0.202007081208/tools/bin/../lib/gcc/arm-none-eabi/7.3.1/thumb/v7-m/crtn.o
 *(.fini)
 .fini          0x00000000080025e4        0x4 c:/st/stm32cubeide_1.4.0/stm32cubeide/plugins/com.st.stm32cube.ide.mcu.externaltools.gnu-tools-for-stm32.7-2018-q2-update.win32_1.4.0.202007081208/tools/bin/../lib/gcc/arm-none-eabi/7.3.1/thumb/v7-m/crti.o
                0x00000000080025e4                _fini
 .fini          0x00000000080025e8        0x8 c:/st/stm32cubeide_1.4.0/stm32cubeide/plugins/com.st.stm32cube.ide.mcu.externaltools.gnu-tools-for-stm32.7-2018-q2-update.win32_1.4.0.202007081208/tools/bin/../lib/gcc/arm-none-eabi/7.3.1/thumb/v7-m/crtn.o
                0x00000000080025f0                . = ALIGN (0x4)
                0x00000000080025f0                _etext = .

.vfp11_veneer   0x00000000080025f0        0x0
 .vfp11_veneer  0x00000000080025f0        0x0 linker stubs

.v4_bx          0x00000000080025f0        0x0
 .v4_bx         0x00000000080025f0        0x0 linker stubs

.iplt           0x00000000080025f0        0x0
 .iplt          0x00000000080025f0        0x0 c:/st/stm32cubeide_1.4.0/stm32cubeide/plugins/com.st.stm32cube.ide.mcu.externaltools.gnu-tools-for-stm32.7-2018-q2-update.win32_1.4.0.202007081208/tools/bin/../lib/gcc/arm-none-eabi/7.3.1/thumb/v7-m/crtbegin.o

.rel.dyn        0x00000000080025f0        0x0
 .rel.iplt      0x00000000080025f0        0x0 c:/st/stm32cubeide_1.4.0/stm32cubeide/plugins/com.st.stm32cube.ide.mcu.externaltools.gnu-tools-for-stm32.7-2018-q2-update.win32_1.4.0.202007081208/tools/bin/../lib/gcc/arm-none-eabi/7.3.1/thumb/v7-m/crtbegin.o

.rodata         0x00000000080025f0        0x0
                0x00000000080025f0                . = ALIGN (0x4)
 *(.rodata)
 *(.rodata*)
                0x00000000080025f0                . = ALIGN (0x4)

.ARM.extab      0x00000000080025f0        0x0
                0x00000000080025f0                . = ALIGN (0x4)
 *(.ARM.extab* .gnu.linkonce.armextab.*)
                0x00000000080025f0                . = ALIGN (0x4)

.ARM            0x00000000080025f0        0x0
                0x00000000080025f0                . = ALIGN (0x4)
                0x00000000080025f0                __exidx_start = .
 *(.ARM.exidx*)
                0x00000000080025f0                __exidx_end = .
                0x00000000080025f0                . = ALIGN (0x4)

.preinit_array  0x00000000080025f0        0x0
                0x00000000080025f0                . = ALIGN (0x4)
                0x00000000080025f0                PROVIDE (__preinit_array_start = .)
 *(.preinit_array*)
                0x00000000080025f0                PROVIDE (__preinit_array_end = .)
                0x00000000080025f0                . = ALIGN (0x4)

.init_array     0x00000000080025f0        0x4
                0x00000000080025f0                . = ALIGN (0x4)
                0x00000000080025f0                PROVIDE (__init_array_start = .)
 *(SORT_BY_NAME(.init_array.*))
 *(.init_array*)
 .init_array    0x00000000080025f0        0x4 c:/st/stm32cubeide_1.4.0/stm32cubeide/plugins/com.st.stm32cube.ide.mcu.externaltools.gnu-tools-for-stm32.7-2018-q2-update.win32_1.4.0.202007081208/tools/bin/../lib/gcc/arm-none-eabi/7.3.1/thumb/v7-m/crtbegin.o
                0x00000000080025f4                PROVIDE (__init_array_end = .)
                0x00000000080025f4                . = ALIGN (0x4)

.fini_array     0x00000000080025f4        0x4
                0x00000000080025f4                . = ALIGN (0x4)
                [!provide]                        PROVIDE (__fini_array_start = .)
 *(SORT_BY_NAME(.fini_array.*))
 *(.fini_array*)
 .fini_array    0x00000000080025f4        0x4 c:/st/stm32cubeide_1.4.0/stm32cubeide/plugins/com.st.stm32cube.ide.mcu.externaltools.gnu-tools-for-stm32.7-2018-q2-update.win32_1.4.0.202007081208/tools/bin/../lib/gcc/arm-none-eabi/7.3.1/thumb/v7-m/crtbegin.o
                [!provide]                        PROVIDE (__fini_array_end = .)
                0x00000000080025f8                . = ALIGN (0x4)
                0x00000000080025f8                _sidata = LOADADDR (.data)

.data           0x0000000020000000       0x28 load address 0x00000000080025f8
                0x0000000020000000                . = ALIGN (0x4)
                0x0000000020000000                _sdata = .
 *(.data)
 *(.data*)
 .data.V2_speed
                0x0000000020000000        0x4 Src/main.o
                0x0000000020000000                V2_speed
 .data.current_speed
                0x0000000020000004        0x4 Src/main.o
                0x0000000020000004                current_speed
 .data.pwm      0x0000000020000008        0x4 Stm32_F103C6_Drivers/Timer/STM32_TIMERS_DRIVER.o
                0x0000000020000008                pwm
 .data.flage1   0x000000002000000c        0x1 Stm32_F103C6_Drivers/Timer/STM32_TIMERS_DRIVER.o
                0x000000002000000c                flage1
 .data.flage3   0x000000002000000d        0x1 Stm32_F103C6_Drivers/Timer/STM32_TIMERS_DRIVER.o
                0x000000002000000d                flage3
 *fill*         0x000000002000000e        0x2 
 .data.top      0x0000000020000010        0x4 Stm32_F103C6_Drivers/Timer/STM32_TIMERS_DRIVER.o
                0x0000000020000010                top
 .data.presc    0x0000000020000014        0x4 Stm32_F103C6_Drivers/Timer/STM32_TIMERS_DRIVER.o
                0x0000000020000014                presc
 .data.c        0x0000000020000018        0x4 Stm32_F103C6_Drivers/Timer/STM32_TIMERS_DRIVER.o
                0x0000000020000018                c
 .data.x        0x000000002000001c        0x4 Stm32_F103C6_Drivers/Timer/STM32_TIMERS_DRIVER.o
                0x000000002000001c                x
 .data.delay_flag
                0x0000000020000020        0x1 Stm32_F103C6_Drivers/Timer/STM32_TIMERS_DRIVER.o
                0x0000000020000020                delay_flag
 *fill*         0x0000000020000021        0x3 
 .data.delay_TIMER
                0x0000000020000024        0x4 Stm32_F103C6_Drivers/Timer/STM32_TIMERS_DRIVER.o
                0x0000000020000024                delay_TIMER
                0x0000000020000028                . = ALIGN (0x4)
                0x0000000020000028                _edata = .

.igot.plt       0x0000000020000028        0x0 load address 0x0000000008002620
 .igot.plt      0x0000000020000028        0x0 c:/st/stm32cubeide_1.4.0/stm32cubeide/plugins/com.st.stm32cube.ide.mcu.externaltools.gnu-tools-for-stm32.7-2018-q2-update.win32_1.4.0.202007081208/tools/bin/../lib/gcc/arm-none-eabi/7.3.1/thumb/v7-m/crtbegin.o
                0x0000000020000028                . = ALIGN (0x4)

.bss            0x0000000020000028       0x9c load address 0x0000000008002620
                0x0000000020000028                _sbss = .
                0x0000000020000028                __bss_start__ = _sbss
 *(.bss)
 .bss           0x0000000020000028       0x1c c:/st/stm32cubeide_1.4.0/stm32cubeide/plugins/com.st.stm32cube.ide.mcu.externaltools.gnu-tools-for-stm32.7-2018-q2-update.win32_1.4.0.202007081208/tools/bin/../lib/gcc/arm-none-eabi/7.3.1/thumb/v7-m/crtbegin.o
 *(.bss*)
 .bss.Front_echo_start_time
                0x0000000020000044        0x4 HAL/Ultrasonic/Ultrasonic_driver.o
                0x0000000020000044                Front_echo_start_time
 .bss.Front_echo_end_time
                0x0000000020000048        0x4 HAL/Ultrasonic/Ultrasonic_driver.o
                0x0000000020000048                Front_echo_end_time
 .bss.Front_echo_received
                0x000000002000004c        0x1 HAL/Ultrasonic/Ultrasonic_driver.o
                0x000000002000004c                Front_echo_received
 *fill*         0x000000002000004d        0x3 
 .bss.Left_echo_start_time
                0x0000000020000050        0x4 HAL/Ultrasonic/Ultrasonic_driver.o
                0x0000000020000050                Left_echo_start_time
 .bss.Left_echo_end_time
                0x0000000020000054        0x4 HAL/Ultrasonic/Ultrasonic_driver.o
                0x0000000020000054                Left_echo_end_time
 .bss.Left_echo_received
                0x0000000020000058        0x1 HAL/Ultrasonic/Ultrasonic_driver.o
                0x0000000020000058                Left_echo_received
 *fill*         0x0000000020000059        0x3 
 .bss.Right_echo_start_time
                0x000000002000005c        0x4 HAL/Ultrasonic/Ultrasonic_driver.o
                0x000000002000005c                Right_echo_start_time
 .bss.Right_echo_end_time
                0x0000000020000060        0x4 HAL/Ultrasonic/Ultrasonic_driver.o
                0x0000000020000060                Right_echo_end_time
 .bss.Right_echo_received
                0x0000000020000064        0x1 HAL/Ultrasonic/Ultrasonic_driver.o
                0x0000000020000064                Right_echo_received
 .bss.flage2    0x0000000020000065        0x1 Stm32_F103C6_Drivers/Timer/STM32_TIMERS_DRIVER.o
                0x0000000020000065                flage2
 .bss.overflowtims
                0x0000000020000066        0x2 Stm32_F103C6_Drivers/Timer/STM32_TIMERS_DRIVER.o
                0x0000000020000066                overflowtims
 .bss.timer_ticks
                0x0000000020000068        0x2 Stm32_F103C6_Drivers/Timer/STM32_TIMERS_DRIVER.o
                0x0000000020000068                timer_ticks
 *fill*         0x000000002000006a        0x2 
 .bss.stepper_steps
                0x000000002000006c        0x4 Stm32_F103C6_Drivers/Timer/STM32_TIMERS_DRIVER.o
 .bss.stepper_flage
                0x0000000020000070        0x1 Stm32_F103C6_Drivers/Timer/STM32_TIMERS_DRIVER.o
 *fill*         0x0000000020000071        0x3 
 .bss.Global_config
                0x0000000020000074        0x4 Stm32_F103C6_Drivers/USART/uart.o
                0x0000000020000074                Global_config
 *(COMMON)
 COMMON         0x0000000020000078       0x3c Stm32_F103C6_Drivers/ISR/stm32f103c6_ISR_DRIVER.o
                0x0000000020000078                GP_IRQ_Callback
 COMMON         0x00000000200000b4       0x10 Stm32_F103C6_Drivers/Timer/STM32_TIMERS_DRIVER.o
                0x00000000200000b4                ISRcalback
                0x00000000200000bc                numper_waves
                0x00000000200000c0                ISR_TIMER_COPY
                0x00000000200000c4                . = ALIGN (0x4)
                0x00000000200000c4                _ebss = .
                0x00000000200000c4                __bss_end__ = _ebss

._user_heap_stack
                0x00000000200000c4      0x604 load address 0x0000000008002620
                0x00000000200000c8                . = ALIGN (0x8)
 *fill*         0x00000000200000c4        0x4 
                [!provide]                        PROVIDE (end = .)
                0x00000000200000c8                PROVIDE (_end = .)
                0x00000000200002c8                . = (. + _Min_Heap_Size)
 *fill*         0x00000000200000c8      0x200 
                0x00000000200006c8                . = (. + _Min_Stack_Size)
 *fill*         0x00000000200002c8      0x400 
                0x00000000200006c8                . = ALIGN (0x8)

/DISCARD/
 libc.a(*)
 libm.a(*)
 libgcc.a(*)

.ARM.attributes
                0x0000000000000000       0x29
 *(.ARM.attributes)
 .ARM.attributes
                0x0000000000000000       0x1d c:/st/stm32cubeide_1.4.0/stm32cubeide/plugins/com.st.stm32cube.ide.mcu.externaltools.gnu-tools-for-stm32.7-2018-q2-update.win32_1.4.0.202007081208/tools/bin/../lib/gcc/arm-none-eabi/7.3.1/thumb/v7-m/crti.o
 .ARM.attributes
                0x000000000000001d       0x2d c:/st/stm32cubeide_1.4.0/stm32cubeide/plugins/com.st.stm32cube.ide.mcu.externaltools.gnu-tools-for-stm32.7-2018-q2-update.win32_1.4.0.202007081208/tools/bin/../lib/gcc/arm-none-eabi/7.3.1/thumb/v7-m/crtbegin.o
 .ARM.attributes
                0x000000000000004a       0x33 HAL/Motor/Motor_L298N.o
 .ARM.attributes
                0x000000000000007d       0x33 HAL/Ultrasonic/Ultrasonic_driver.o
 .ARM.attributes
                0x00000000000000b0       0x33 Src/main.o
 .ARM.attributes
                0x00000000000000e3       0x21 Startup/startup_stm32f103c8tx.o
 .ARM.attributes
                0x0000000000000104       0x33 Stm32_F103C6_Drivers/GPIO/stm32_F103C6_gpio_driver.o
 .ARM.attributes
                0x0000000000000137       0x33 Stm32_F103C6_Drivers/ISR/stm32f103c6_ISR_DRIVER.o
 .ARM.attributes
                0x000000000000016a       0x33 Stm32_F103C6_Drivers/Speed/stm32_speed_DRIVER.o
 .ARM.attributes
                0x000000000000019d       0x33 Stm32_F103C6_Drivers/Timer/STM32_TIMERS_DRIVER.o
 .ARM.attributes
                0x00000000000001d0       0x33 Stm32_F103C6_Drivers/USART/uart.o
 .ARM.attributes
                0x0000000000000203       0x2d c:/st/stm32cubeide_1.4.0/stm32cubeide/plugins/com.st.stm32cube.ide.mcu.externaltools.gnu-tools-for-stm32.7-2018-q2-update.win32_1.4.0.202007081208/tools/bin/../lib/gcc/arm-none-eabi/7.3.1/../../../../arm-none-eabi/lib/thumb/v7-m\libc_nano.a(lib_a-init.o)
 .ARM.attributes
                0x0000000000000230       0x1d c:/st/stm32cubeide_1.4.0/stm32cubeide/plugins/com.st.stm32cube.ide.mcu.externaltools.gnu-tools-for-stm32.7-2018-q2-update.win32_1.4.0.202007081208/tools/bin/../lib/gcc/arm-none-eabi/7.3.1/thumb/v7-m/crtn.o
OUTPUT(B_Drivers.elf elf32-littlearm)

.debug_info     0x0000000000000000     0x61d2
 .debug_info    0x0000000000000000      0xce2 HAL/Motor/Motor_L298N.o
 .debug_info    0x0000000000000ce2      0xba1 HAL/Ultrasonic/Ultrasonic_driver.o
 .debug_info    0x0000000000001883      0x916 Src/main.o
 .debug_info    0x0000000000002199       0x22 Startup/startup_stm32f103c8tx.o
 .debug_info    0x00000000000021bb      0xe22 Stm32_F103C6_Drivers/GPIO/stm32_F103C6_gpio_driver.o
 .debug_info    0x0000000000002fdd      0xb36 Stm32_F103C6_Drivers/ISR/stm32f103c6_ISR_DRIVER.o
 .debug_info    0x0000000000003b13      0x97e Stm32_F103C6_Drivers/Speed/stm32_speed_DRIVER.o
 .debug_info    0x0000000000004491     0x1068 Stm32_F103C6_Drivers/Timer/STM32_TIMERS_DRIVER.o
 .debug_info    0x00000000000054f9      0xcd9 Stm32_F103C6_Drivers/USART/uart.o

.debug_abbrev   0x0000000000000000     0x1011
 .debug_abbrev  0x0000000000000000      0x1b1 HAL/Motor/Motor_L298N.o
 .debug_abbrev  0x00000000000001b1      0x1cd HAL/Ultrasonic/Ultrasonic_driver.o
 .debug_abbrev  0x000000000000037e      0x19d Src/main.o
 .debug_abbrev  0x000000000000051b       0x12 Startup/startup_stm32f103c8tx.o
 .debug_abbrev  0x000000000000052d      0x266 Stm32_F103C6_Drivers/GPIO/stm32_F103C6_gpio_driver.o
 .debug_abbrev  0x0000000000000793      0x20e Stm32_F103C6_Drivers/ISR/stm32f103c6_ISR_DRIVER.o
 .debug_abbrev  0x00000000000009a1      0x18a Stm32_F103C6_Drivers/Speed/stm32_speed_DRIVER.o
 .debug_abbrev  0x0000000000000b2b      0x298 Stm32_F103C6_Drivers/Timer/STM32_TIMERS_DRIVER.o
 .debug_abbrev  0x0000000000000dc3      0x24e Stm32_F103C6_Drivers/USART/uart.o

.debug_aranges  0x0000000000000000      0x340
 .debug_aranges
                0x0000000000000000       0x88 HAL/Motor/Motor_L298N.o
 .debug_aranges
                0x0000000000000088       0x50 HAL/Ultrasonic/Ultrasonic_driver.o
 .debug_aranges
                0x00000000000000d8       0x20 Src/main.o
 .debug_aranges
                0x00000000000000f8       0x28 Startup/startup_stm32f103c8tx.o
 .debug_aranges
                0x0000000000000120       0xb0 Stm32_F103C6_Drivers/GPIO/stm32_F103C6_gpio_driver.o
 .debug_aranges
                0x00000000000001d0       0x70 Stm32_F103C6_Drivers/ISR/stm32f103c6_ISR_DRIVER.o
 .debug_aranges
                0x0000000000000240       0x20 Stm32_F103C6_Drivers/Speed/stm32_speed_DRIVER.o
 .debug_aranges
                0x0000000000000260       0x78 Stm32_F103C6_Drivers/Timer/STM32_TIMERS_DRIVER.o
 .debug_aranges
                0x00000000000002d8       0x68 Stm32_F103C6_Drivers/USART/uart.o

.debug_ranges   0x0000000000000000      0x2b8
 .debug_ranges  0x0000000000000000       0x78 HAL/Motor/Motor_L298N.o
 .debug_ranges  0x0000000000000078       0x40 HAL/Ultrasonic/Ultrasonic_driver.o
 .debug_ranges  0x00000000000000b8       0x10 Src/main.o
 .debug_ranges  0x00000000000000c8       0x20 Startup/startup_stm32f103c8tx.o
 .debug_ranges  0x00000000000000e8       0xa0 Stm32_F103C6_Drivers/GPIO/stm32_F103C6_gpio_driver.o
 .debug_ranges  0x0000000000000188       0x60 Stm32_F103C6_Drivers/ISR/stm32f103c6_ISR_DRIVER.o
 .debug_ranges  0x00000000000001e8       0x10 Stm32_F103C6_Drivers/Speed/stm32_speed_DRIVER.o
 .debug_ranges  0x00000000000001f8       0x68 Stm32_F103C6_Drivers/Timer/STM32_TIMERS_DRIVER.o
 .debug_ranges  0x0000000000000260       0x58 Stm32_F103C6_Drivers/USART/uart.o

.debug_macro    0x0000000000000000     0x3d65
 .debug_macro   0x0000000000000000      0x27a HAL/Motor/Motor_L298N.o
 .debug_macro   0x000000000000027a      0xa60 HAL/Motor/Motor_L298N.o
 .debug_macro   0x0000000000000cda       0x22 HAL/Motor/Motor_L298N.o
 .debug_macro   0x0000000000000cfc       0x40 HAL/Motor/Motor_L298N.o
 .debug_macro   0x0000000000000d3c       0x18 HAL/Motor/Motor_L298N.o
 .debug_macro   0x0000000000000d54       0x94 HAL/Motor/Motor_L298N.o
 .debug_macro   0x0000000000000de8       0x3c HAL/Motor/Motor_L298N.o
 .debug_macro   0x0000000000000e24       0x34 HAL/Motor/Motor_L298N.o
 .debug_macro   0x0000000000000e58       0x16 HAL/Motor/Motor_L298N.o
 .debug_macro   0x0000000000000e6e       0x57 HAL/Motor/Motor_L298N.o
 .debug_macro   0x0000000000000ec5       0x97 HAL/Motor/Motor_L298N.o
 .debug_macro   0x0000000000000f5c      0x330 HAL/Motor/Motor_L298N.o
 .debug_macro   0x000000000000128c       0xfd HAL/Motor/Motor_L298N.o
 .debug_macro   0x0000000000001389       0x10 HAL/Motor/Motor_L298N.o
 .debug_macro   0x0000000000001399       0x52 HAL/Motor/Motor_L298N.o
 .debug_macro   0x00000000000013eb       0x1f HAL/Motor/Motor_L298N.o
 .debug_macro   0x000000000000140a       0x43 HAL/Motor/Motor_L298N.o
 .debug_macro   0x000000000000144d       0x20 HAL/Motor/Motor_L298N.o
 .debug_macro   0x000000000000146d      0x1a3 HAL/Motor/Motor_L298N.o
 .debug_macro   0x0000000000001610       0x10 HAL/Motor/Motor_L298N.o
 .debug_macro   0x0000000000001620       0x6a HAL/Motor/Motor_L298N.o
 .debug_macro   0x000000000000168a       0x1c HAL/Motor/Motor_L298N.o
 .debug_macro   0x00000000000016a6       0x52 HAL/Motor/Motor_L298N.o
 .debug_macro   0x00000000000016f8       0x40 HAL/Motor/Motor_L298N.o
 .debug_macro   0x0000000000001738       0x10 HAL/Motor/Motor_L298N.o
 .debug_macro   0x0000000000001748       0x40 HAL/Motor/Motor_L298N.o
 .debug_macro   0x0000000000001788       0xd7 HAL/Motor/Motor_L298N.o
 .debug_macro   0x000000000000185f       0x1c HAL/Motor/Motor_L298N.o
 .debug_macro   0x000000000000187b       0x3d HAL/Motor/Motor_L298N.o
 .debug_macro   0x00000000000018b8       0x16 HAL/Motor/Motor_L298N.o
 .debug_macro   0x00000000000018ce      0x145 HAL/Motor/Motor_L298N.o
 .debug_macro   0x0000000000001a13       0x16 HAL/Motor/Motor_L298N.o
 .debug_macro   0x0000000000001a29       0x35 HAL/Motor/Motor_L298N.o
 .debug_macro   0x0000000000001a5e       0x16 HAL/Motor/Motor_L298N.o
 .debug_macro   0x0000000000001a74       0x29 HAL/Motor/Motor_L298N.o
 .debug_macro   0x0000000000001a9d      0x40a HAL/Motor/Motor_L298N.o
 .debug_macro   0x0000000000001ea7       0xef HAL/Motor/Motor_L298N.o
 .debug_macro   0x0000000000001f96      0x1df HAL/Motor/Motor_L298N.o
 .debug_macro   0x0000000000002175       0x28 HAL/Motor/Motor_L298N.o
 .debug_macro   0x000000000000219d      0x1c6 HAL/Motor/Motor_L298N.o
 .debug_macro   0x0000000000002363       0x7c HAL/Motor/Motor_L298N.o
 .debug_macro   0x00000000000023df      0x2a7 HAL/Ultrasonic/Ultrasonic_driver.o
 .debug_macro   0x0000000000002686      0x1c0 HAL/Ultrasonic/Ultrasonic_driver.o
 .debug_macro   0x0000000000002846       0x2e HAL/Ultrasonic/Ultrasonic_driver.o
 .debug_macro   0x0000000000002874      0x22c HAL/Ultrasonic/Ultrasonic_driver.o
 .debug_macro   0x0000000000002aa0       0xca HAL/Ultrasonic/Ultrasonic_driver.o
 .debug_macro   0x0000000000002b6a       0x3a HAL/Ultrasonic/Ultrasonic_driver.o
 .debug_macro   0x0000000000002ba4      0x274 Src/main.o
 .debug_macro   0x0000000000002e18      0x40a Src/main.o
 .debug_macro   0x0000000000003222       0x10 Src/main.o
 .debug_macro   0x0000000000003232      0x1e8 Stm32_F103C6_Drivers/GPIO/stm32_F103C6_gpio_driver.o
 .debug_macro   0x000000000000341a      0x226 Stm32_F103C6_Drivers/ISR/stm32f103c6_ISR_DRIVER.o
 .debug_macro   0x0000000000003640      0x1e8 Stm32_F103C6_Drivers/Speed/stm32_speed_DRIVER.o
 .debug_macro   0x0000000000003828      0x232 Stm32_F103C6_Drivers/Timer/STM32_TIMERS_DRIVER.o
 .debug_macro   0x0000000000003a5a      0x20d Stm32_F103C6_Drivers/USART/uart.o
 .debug_macro   0x0000000000003c67       0x16 Stm32_F103C6_Drivers/USART/uart.o
 .debug_macro   0x0000000000003c7d       0xe8 Stm32_F103C6_Drivers/USART/uart.o

.debug_line     0x0000000000000000     0x4204
 .debug_line    0x0000000000000000      0x868 HAL/Motor/Motor_L298N.o
 .debug_line    0x0000000000000868      0x7b1 HAL/Ultrasonic/Ultrasonic_driver.o
 .debug_line    0x0000000000001019      0x744 Src/main.o
 .debug_line    0x000000000000175d       0x84 Startup/startup_stm32f103c8tx.o
 .debug_line    0x00000000000017e1      0x867 Stm32_F103C6_Drivers/GPIO/stm32_F103C6_gpio_driver.o
 .debug_line    0x0000000000002048      0xb2b Stm32_F103C6_Drivers/ISR/stm32f103c6_ISR_DRIVER.o
 .debug_line    0x0000000000002b73      0x633 Stm32_F103C6_Drivers/Speed/stm32_speed_DRIVER.o
 .debug_line    0x00000000000031a6      0x8fa Stm32_F103C6_Drivers/Timer/STM32_TIMERS_DRIVER.o
 .debug_line    0x0000000000003aa0      0x764 Stm32_F103C6_Drivers/USART/uart.o

.debug_str      0x0000000000000000     0xca2d
 .debug_str     0x0000000000000000     0xa2ed HAL/Motor/Motor_L298N.o
                                       0xa54c (size before relaxing)
 .debug_str     0x000000000000a2ed     0x18d0 HAL/Ultrasonic/Ultrasonic_driver.o
                                       0xbbae (size before relaxing)
 .debug_str     0x000000000000bbbd       0x13 Src/main.o
                                       0xb925 (size before relaxing)
 .debug_str     0x000000000000bbd0       0x31 Startup/startup_stm32f103c8tx.o
                                         0x73 (size before relaxing)
 .debug_str     0x000000000000bc01      0x1d7 Stm32_F103C6_Drivers/GPIO/stm32_F103C6_gpio_driver.o
                                       0x98fb (size before relaxing)
 .debug_str     0x000000000000bdd8      0x165 Stm32_F103C6_Drivers/ISR/stm32f103c6_ISR_DRIVER.o
                                       0xb797 (size before relaxing)
 .debug_str     0x000000000000bf3d       0x51 Stm32_F103C6_Drivers/Speed/stm32_speed_DRIVER.o
                                       0x90a0 (size before relaxing)
 .debug_str     0x000000000000bf8e      0x22d Stm32_F103C6_Drivers/Timer/STM32_TIMERS_DRIVER.o
                                       0xa5f7 (size before relaxing)
 .debug_str     0x000000000000c1bb      0x872 Stm32_F103C6_Drivers/USART/uart.o
                                       0xb26d (size before relaxing)

.comment        0x0000000000000000       0x7b
 .comment       0x0000000000000000       0x7b HAL/Motor/Motor_L298N.o
                                         0x7c (size before relaxing)
 .comment       0x000000000000007b       0x7c HAL/Ultrasonic/Ultrasonic_driver.o
 .comment       0x000000000000007b       0x7c Src/main.o
 .comment       0x000000000000007b       0x7c Stm32_F103C6_Drivers/GPIO/stm32_F103C6_gpio_driver.o
 .comment       0x000000000000007b       0x7c Stm32_F103C6_Drivers/ISR/stm32f103c6_ISR_DRIVER.o
 .comment       0x000000000000007b       0x7c Stm32_F103C6_Drivers/Speed/stm32_speed_DRIVER.o
 .comment       0x000000000000007b       0x7c Stm32_F103C6_Drivers/Timer/STM32_TIMERS_DRIVER.o
 .comment       0x000000000000007b       0x7c Stm32_F103C6_Drivers/USART/uart.o

.debug_frame    0x0000000000000000      0xaf8
 .debug_frame   0x0000000000000000      0x1d8 HAL/Motor/Motor_L298N.o
 .debug_frame   0x00000000000001d8       0xec HAL/Ultrasonic/Ultrasonic_driver.o
 .debug_frame   0x00000000000002c4       0x30 Src/main.o
 .debug_frame   0x00000000000002f4      0x304 Stm32_F103C6_Drivers/GPIO/stm32_F103C6_gpio_driver.o
 .debug_frame   0x00000000000005f8      0x16c Stm32_F103C6_Drivers/ISR/stm32f103c6_ISR_DRIVER.o
 .debug_frame   0x0000000000000764       0x38 Stm32_F103C6_Drivers/Speed/stm32_speed_DRIVER.o
 .debug_frame   0x000000000000079c      0x1c0 Stm32_F103C6_Drivers/Timer/STM32_TIMERS_DRIVER.o
 .debug_frame   0x000000000000095c      0x170 Stm32_F103C6_Drivers/USART/uart.o
 .debug_frame   0x0000000000000acc       0x2c c:/st/stm32cubeide_1.4.0/stm32cubeide/plugins/com.st.stm32cube.ide.mcu.externaltools.gnu-tools-for-stm32.7-2018-q2-update.win32_1.4.0.202007081208/tools/bin/../lib/gcc/arm-none-eabi/7.3.1/../../../../arm-none-eabi/lib/thumb/v7-m\libc_nano.a(lib_a-init.o)
