Archive member included to satisfy reference by file (symbol)

c:/st/stm32cubeide_1.4.0/stm32cubeide/plugins/com.st.stm32cube.ide.mcu.externaltools.gnu-tools-for-stm32.7-2018-q2-update.win32_1.4.0.202007081208/tools/bin/../lib/gcc/arm-none-eabi/7.3.1/../../../../arm-none-eabi/lib/thumb/v7-m\libc_nano.a(lib_a-errno.o)
                              Src/syscalls.o (__errno)
c:/st/stm32cubeide_1.4.0/stm32cubeide/plugins/com.st.stm32cube.ide.mcu.externaltools.gnu-tools-for-stm32.7-2018-q2-update.win32_1.4.0.202007081208/tools/bin/../lib/gcc/arm-none-eabi/7.3.1/../../../../arm-none-eabi/lib/thumb/v7-m\libc_nano.a(lib_a-exit.o)
                              c:/st/stm32cubeide_1.4.0/stm32cubeide/plugins/com.st.stm32cube.ide.mcu.externaltools.gnu-tools-for-stm32.7-2018-q2-update.win32_1.4.0.202007081208/tools/bin/../lib/gcc/arm-none-eabi/7.3.1/../../../../arm-none-eabi/lib/thumb/v7-m/crt0.o (exit)
c:/st/stm32cubeide_1.4.0/stm32cubeide/plugins/com.st.stm32cube.ide.mcu.externaltools.gnu-tools-for-stm32.7-2018-q2-update.win32_1.4.0.202007081208/tools/bin/../lib/gcc/arm-none-eabi/7.3.1/../../../../arm-none-eabi/lib/thumb/v7-m\libc_nano.a(lib_a-impure.o)
                              c:/st/stm32cubeide_1.4.0/stm32cubeide/plugins/com.st.stm32cube.ide.mcu.externaltools.gnu-tools-for-stm32.7-2018-q2-update.win32_1.4.0.202007081208/tools/bin/../lib/gcc/arm-none-eabi/7.3.1/../../../../arm-none-eabi/lib/thumb/v7-m\libc_nano.a(lib_a-exit.o) (_global_impure_ptr)
c:/st/stm32cubeide_1.4.0/stm32cubeide/plugins/com.st.stm32cube.ide.mcu.externaltools.gnu-tools-for-stm32.7-2018-q2-update.win32_1.4.0.202007081208/tools/bin/../lib/gcc/arm-none-eabi/7.3.1/../../../../arm-none-eabi/lib/thumb/v7-m\libc_nano.a(lib_a-init.o)
                              c:/st/stm32cubeide_1.4.0/stm32cubeide/plugins/com.st.stm32cube.ide.mcu.externaltools.gnu-tools-for-stm32.7-2018-q2-update.win32_1.4.0.202007081208/tools/bin/../lib/gcc/arm-none-eabi/7.3.1/../../../../arm-none-eabi/lib/thumb/v7-m/crt0.o (__libc_init_array)
c:/st/stm32cubeide_1.4.0/stm32cubeide/plugins/com.st.stm32cube.ide.mcu.externaltools.gnu-tools-for-stm32.7-2018-q2-update.win32_1.4.0.202007081208/tools/bin/../lib/gcc/arm-none-eabi/7.3.1/../../../../arm-none-eabi/lib/thumb/v7-m\libc_nano.a(lib_a-memcpy-stub.o)
                              Src/main.o (memcpy)
c:/st/stm32cubeide_1.4.0/stm32cubeide/plugins/com.st.stm32cube.ide.mcu.externaltools.gnu-tools-for-stm32.7-2018-q2-update.win32_1.4.0.202007081208/tools/bin/../lib/gcc/arm-none-eabi/7.3.1/../../../../arm-none-eabi/lib/thumb/v7-m\libc_nano.a(lib_a-memset.o)
                              c:/st/stm32cubeide_1.4.0/stm32cubeide/plugins/com.st.stm32cube.ide.mcu.externaltools.gnu-tools-for-stm32.7-2018-q2-update.win32_1.4.0.202007081208/tools/bin/../lib/gcc/arm-none-eabi/7.3.1/../../../../arm-none-eabi/lib/thumb/v7-m/crt0.o (memset)
c:/st/stm32cubeide_1.4.0/stm32cubeide/plugins/com.st.stm32cube.ide.mcu.externaltools.gnu-tools-for-stm32.7-2018-q2-update.win32_1.4.0.202007081208/tools/bin/../lib/gcc/arm-none-eabi/7.3.1/thumb/v7-m\libgcc.a(_arm_addsubsf3.o)
                              Src/main.o (__aeabi_fsub)
c:/st/stm32cubeide_1.4.0/stm32cubeide/plugins/com.st.stm32cube.ide.mcu.externaltools.gnu-tools-for-stm32.7-2018-q2-update.win32_1.4.0.202007081208/tools/bin/../lib/gcc/arm-none-eabi/7.3.1/thumb/v7-m\libgcc.a(_arm_muldivsf3.o)
                              Src/main.o (__aeabi_fdiv)
c:/st/stm32cubeide_1.4.0/stm32cubeide/plugins/com.st.stm32cube.ide.mcu.externaltools.gnu-tools-for-stm32.7-2018-q2-update.win32_1.4.0.202007081208/tools/bin/../lib/gcc/arm-none-eabi/7.3.1/thumb/v7-m\libgcc.a(_arm_fixunssfsi.o)
                              Src/main.o (__aeabi_f2uiz)

Allocating common symbols
Common symbol       size              file

GP_FuncCallBack     0x40              Stm32_F103C6_Drivers/EXTI/stm32_F103C6_EXTI_driver.o

Discarded input sections

 .text          0x0000000000000000        0x0 c:/st/stm32cubeide_1.4.0/stm32cubeide/plugins/com.st.stm32cube.ide.mcu.externaltools.gnu-tools-for-stm32.7-2018-q2-update.win32_1.4.0.202007081208/tools/bin/../lib/gcc/arm-none-eabi/7.3.1/thumb/v7-m/crti.o
 .data          0x0000000000000000        0x0 c:/st/stm32cubeide_1.4.0/stm32cubeide/plugins/com.st.stm32cube.ide.mcu.externaltools.gnu-tools-for-stm32.7-2018-q2-update.win32_1.4.0.202007081208/tools/bin/../lib/gcc/arm-none-eabi/7.3.1/thumb/v7-m/crti.o
 .bss           0x0000000000000000        0x0 c:/st/stm32cubeide_1.4.0/stm32cubeide/plugins/com.st.stm32cube.ide.mcu.externaltools.gnu-tools-for-stm32.7-2018-q2-update.win32_1.4.0.202007081208/tools/bin/../lib/gcc/arm-none-eabi/7.3.1/thumb/v7-m/crti.o
 .data          0x0000000000000000        0x4 c:/st/stm32cubeide_1.4.0/stm32cubeide/plugins/com.st.stm32cube.ide.mcu.externaltools.gnu-tools-for-stm32.7-2018-q2-update.win32_1.4.0.202007081208/tools/bin/../lib/gcc/arm-none-eabi/7.3.1/thumb/v7-m/crtbegin.o
[...]
Memory Configuration

Name             Origin             Length             Attributes
RAM              0x0000000020000000 0x0000000000005000 xrw
ROM              0x0000000008000000 0x0000000000010000 xr
*default*        0x0000000000000000 0xffffffffffffffff

Linker script and memory map

LOAD c:/st/stm32cubeide_1.4.0/stm32cubeide/plugins/com.st.stm32cube.ide.mcu.externaltools.gnu-tools-for-stm32.7-2018-q2-update.win32_1.4.0.202007081208/tools/bin/../lib/gcc/arm-none-eabi/7.3.1/thumb/v7-m/crti.o
LOAD c:/st/stm32cubeide_1.4.0/stm32cubeide/plugins/com.st.stm32cube.ide.mcu.externaltools.gnu-tools-for-stm32.7-2018-q2-update.win32_1.4.0.202007081208/tools/bin/../lib/gcc/arm-none-eabi/7.3.1/thumb/v7-m/crtbegin.o
LOAD c:/st/stm32cubeide_1.4.0/stm32cubeide/plugins/com.st.stm32cube.ide.mcu.externaltools.gnu-tools-for-stm32.7-2018-q2-update.win32_1.4.0.202007081208/tools/bin/../lib/gcc/arm-none-eabi/7.3.1/../../../../arm-none-eabi/lib/thumb/v7-m/crt0.o
LOAD HAL/Motor/Motor_L298N.o
LOAD Src/main.o
LOAD Src/syscalls.o
LOAD Src/sysmem.o
LOAD Startup/startup_stm32f103c8tx.o
LOAD Stm32_F103C6_Drivers/EXTI/stm32_F103C6_EXTI_driver.o
LOAD Stm32_F103C6_Drivers/GPIO/stm32_F103C6_gpio_driver.o
LOAD Stm32_F103C6_Drivers/Rcc/RCC.o
LOAD Stm32_F103C6_Drivers/Timer/stm32f103x8_timer.o
LOAD Stm32_F103C6_Drivers/USART/uart.o
START GROUP
LOAD c:/st/stm32cubeide_1.4.0/stm32cubeide/plugins/com.st.stm32cube.ide.mcu.externaltools.gnu-tools-for-stm32.7-2018-q2-update.win32_1.4.0.202007081208/tools/bin/../lib/gcc/arm-none-eabi/7.3.1/../../../../arm-none-eabi/lib/thumb/v7-m\libc_nano.a
LOAD c:/st/stm32cubeide_1.4.0/stm32cubeide/plugins/com.st.stm32cube.ide.mcu.externaltools.gnu-tools-for-stm32.7-2018-q2-update.win32_1.4.0.202007081208/tools/bin/../lib/gcc/arm-none-eabi/7.3.1/../../../../arm-none-eabi/lib/thumb/v7-m\libm.a
END GROUP
START GROUP
LOAD c:/st/stm32cubeide_1.4.0/stm32cubeide/plugins/com.st.stm32cube.ide.mcu.externaltools.gnu-tools-for-stm32.7-2018-q2-update.win32_1.4.0.202007081208/tools/bin/../lib/gcc/arm-none-eabi/7.3.1/thumb/v7-m\libgcc.a
LOAD c:/st/stm32cubeide_1.4.0/stm32cubeide/plugins/com.st.stm32cube.ide.mcu.externaltools.gnu-tools-for-stm32.7-2018-q2-update.win32_1.4.0.202007081208/tools/bin/../lib/gcc/arm-none-eabi/7.3.1/../../../../arm-none-eabi/lib/thumb/v7-m\libc_nano.a
END GROUP
START GROUP
LOAD c:/st/stm32cubeide_1.4.0/stm32cubeide/plugins/com.st.stm32cube.ide.mcu.externaltools.gnu-tools-for-stm32.7-2018-q2-update.win32_1.4.0.202007081208/tools/bin/../lib/gcc/arm-none-eabi/7.3.1/thumb/v7-m\libgcc.a
LOAD c:/st/stm32cubeide_1.4.0/stm32cubeide/plugins/com.st.stm32cube.ide.mcu.externaltools.gnu-tools-for-stm32.7-2018-q2-update.win32_1.4.0.202007081208/tools/bin/../lib/gcc/arm-none-eabi/7.3.1/../../../../arm-none-eabi/lib/thumb/v7-m\libc_nano.a
LOAD c:/st/stm32cubeide_1.4.0/stm32cubeide/plugins/com.st.stm32cube.ide.mcu.externaltools.gnu-tools-for-stm32.7-2018-q2-update.win32_1.4.0.202007081208/tools/bin/../lib/gcc/arm-none-eabi/7.3.1/../../../../arm-none-eabi/lib/thumb/v7-m\libnosys.a
END GROUP
START GROUP
LOAD c:/st/stm32cubeide_1.4.0/stm32cubeide/plugins/com.st.stm32cube.ide.mcu.externaltools.gnu-tools-for-stm32.7-2018-q2-update.win32_1.4.0.202007081208/tools/bin/../lib/gcc/arm-none-eabi/7.3.1/thumb/v7-m\libgcc.a
LOAD c:/st/stm32cubeide_1.4.0/stm32cubeide/plugins/com.st.stm32cube.ide.mcu.externaltools.gnu-tools-for-stm32.7-2018-q2-update.win32_1.4.0.202007081208/tools/bin/../lib/gcc/arm-none-eabi/7.3.1/../../../../arm-none-eabi/lib/thumb/v7-m\libc_nano.a
LOAD c:/st/stm32cubeide_1.4.0/stm32cubeide/plugins/com.st.stm32cube.ide.mcu.externaltools.gnu-tools-for-stm32.7-2018-q2-update.win32_1.4.0.202007081208/tools/bin/../lib/gcc/arm-none-eabi/7.3.1/../../../../arm-none-eabi/lib/thumb/v7-m\libnosys.a
END GROUP
LOAD c:/st/stm32cubeide_1.4.0/stm32cubeide/plugins/com.st.stm32cube.ide.mcu.externaltools.gnu-tools-for-stm32.7-2018-q2-update.win32_1.4.0.202007081208/tools/bin/../lib/gcc/arm-none-eabi/7.3.1/thumb/v7-m/crtend.o
LOAD c:/st/stm32cubeide_1.4.0/stm32cubeide/plugins/com.st.stm32cube.ide.mcu.externaltools.gnu-tools-for-stm32.7-2018-q2-update.win32_1.4.0.202007081208/tools/bin/../lib/gcc/arm-none-eabi/7.3.1/thumb/v7-m/crtn.o
                0x0000000020005000                _estack = (ORIGIN (RAM) + LENGTH (RAM))
                0x0000000000000200                _Min_Heap_Size = 0x200
                0x0000000000000400                _Min_Stack_Size = 0x400

.isr_vector     0x0000000008000000      0x130
                0x0000000008000000                . = ALIGN (0x4)
 *(.isr_vector)
 .isr_vector    0x0000000008000000      0x130 Startup/startup_stm32f103c8tx.o
                0x0000000008000000                g_pfnVectors
                0x0000000008000130                . = ALIGN (0x4)

.text           0x0000000008000130      0xe60
                0x0000000008000130                . = ALIGN (0x4)
 *(.text)
 .text          0x0000000008000130       0x40 c:/st/stm32cubeide_1.4.0/stm32cubeide/plugins/com.st.stm32cube.ide.mcu.externaltools.gnu-tools-for-stm32.7-2018-q2-update.win32_1.4.0.202007081208/tools/bin/../lib/gcc/arm-none-eabi/7.3.1/thumb/v7-m/crtbegin.o
 *(.text*)
 .text.Motor_Init
                0x0000000008000170      0x158 HAL/Motor/Motor_L298N.o
 .text.Motor_SetSpeed
                0x00000000080002c8       0xc0 HAL/Motor/Motor_L298N.o
 .text.MotorSystem_Init
                0x0000000008000388       0x36 HAL/Motor/Motor_L298N.o
                0x0000000008000388                MotorSystem_Init
 .text.Move_Forward
                0x00000000080003be       0xca HAL/Motor/Motor_L298N.o
                0x00000000080003be                Move_Forward
 .text.Move_Right
                0x0000000008000488       0x86 HAL/Motor/Motor_L298N.o
                0x0000000008000488                Move_Right
 .text.Move_Left
                0x000000000800050e       0x8a HAL/Motor/Motor_L298N.o
                0x000000000800050e                Move_Left
 .text.Stop_All
                0x0000000008000598       0x3e HAL/Motor/Motor_L298N.o
                0x0000000008000598                Stop_All
 *fill*         0x00000000080005d6        0x2 
 .text.Delay_us
                0x00000000080005d8       0x50 HAL/Motor/Motor_L298N.o
                0x00000000080005d8                Delay_us
 .text.Delay_ms
                0x0000000008000628       0x24 HAL/Motor/Motor_L298N.o
                0x0000000008000628                Delay_ms
 .text.main     0x000000000800064c       0x60 Src/main.o
                0x000000000800064c                main
 .text.Reset_Handler
                0x00000000080006ac       0x50 Startup/startup_stm32f103c8tx.o
                0x00000000080006ac                Reset_Handler
 .text.Default_Handler
                0x00000000080006fc        0x2 Startup/startup_stm32f103c8tx.o
                0x00000000080006fc                TIM8_TRG_COM_IRQHandler
                0x00000000080006fc                TIM8_CC_IRQHandler
                0x00000000080006fc                DebugMon_Handler
                0x00000000080006fc                TIM1_CC_IRQHandler
                0x00000000080006fc                HardFault_Handler
                0x00000000080006fc                TIM6_IRQHandler
                0x00000000080006fc                SysTick_Handler
                0x00000000080006fc                PVD_IRQHandler
                0x00000000080006fc                SDIO_IRQHandler
                0x00000000080006fc                PendSV_Handler
                0x00000000080006fc                NMI_Handler
                0x00000000080006fc                USB_HP_CAN_TX_IRQHandler
                0x00000000080006fc                I2C2_EV_IRQHandler
                0x00000000080006fc                UsageFault_Handler
                0x00000000080006fc                ADC1_2_IRQHandler
                0x00000000080006fc                SPI1_IRQHandler
                0x00000000080006fc                CAN_SCE_IRQHandler
                0x00000000080006fc                TAMPER_IRQHandler
                0x00000000080006fc                TIM8_UP_IRQHandler
                0x00000000080006fc                DMA2_Channel2_IRQHandler
                0x00000000080006fc                DMA1_Channel4_IRQHandler
                0x00000000080006fc                RTC_IRQHandler
                0x00000000080006fc                DMA1_Channel7_IRQHandler
                0x00000000080006fc                UART5_IRQHandler
                0x00000000080006fc                ADC3_IRQHandler
                0x00000000080006fc                CAN_RX1_IRQHandler
                0x00000000080006fc                DMA2_Channel1_IRQHandler
                0x00000000080006fc                I2C1_EV_IRQHandler
                0x00000000080006fc                DMA1_Channel6_IRQHandler
                0x00000000080006fc                UART4_IRQHandler
                0x00000000080006fc                RCC_IRQHandler
                0x00000000080006fc                TIM1_TRG_COM_IRQHandler
                0x00000000080006fc                DMA1_Channel1_IRQHandler
                0x00000000080006fc                Default_Handler
                0x00000000080006fc                TIM7_IRQHandler
                0x00000000080006fc                TIM5_IRQHandler
                0x00000000080006fc                SPI2_IRQHandler
                0x00000000080006fc                USB_LP_CAN_RX0_IRQHandler
                0x00000000080006fc                MemManage_Handler
                0x00000000080006fc                SVC_Handler
                0x00000000080006fc                DMA1_Channel5_IRQHandler
                0x00000000080006fc                DMA1_Channel3_IRQHandler
                0x00000000080006fc                FSMC_IRQHandler
                0x00000000080006fc                WWDG_IRQHandler
                0x00000000080006fc                TIM1_BRK_IRQHandler
                0x00000000080006fc                RTCAlarm_IRQHandler
                0x00000000080006fc                DMA2_Channel4_5_IRQHandler
                0x00000000080006fc                I2C2_ER_IRQHandler
                0x00000000080006fc                DMA1_Channel2_IRQHandler
                0x00000000080006fc                TIM8_BRK_IRQHandler
                0x00000000080006fc                FLASH_IRQHandler
                0x00000000080006fc                BusFault_Handler
                0x00000000080006fc                SPI3_IRQHandler
                0x00000000080006fc                I2C1_ER_IRQHandler
                0x00000000080006fc                DMA2_Channel3_IRQHandler
 *fill*         0x00000000080006fe        0x2 
 .text.EXTI0_IRQHandler
                0x0000000008000700       0x24 Stm32_F103C6_Drivers/EXTI/stm32_F103C6_EXTI_driver.o
                0x0000000008000700                EXTI0_IRQHandler
 .text.EXTI1_IRQHandler
                0x0000000008000724       0x24 Stm32_F103C6_Drivers/EXTI/stm32_F103C6_EXTI_driver.o
                0x0000000008000724                EXTI1_IRQHandler
 .text.EXTI2_IRQHandler
                0x0000000008000748       0x24 Stm32_F103C6_Drivers/EXTI/stm32_F103C6_EXTI_driver.o
                0x0000000008000748                EXTI2_IRQHandler
 .text.EXTI3_IRQHandler
                0x000000000800076c       0x24 Stm32_F103C6_Drivers/EXTI/stm32_F103C6_EXTI_driver.o
                0x000000000800076c                EXTI3_IRQHandler
 .text.EXTI4_IRQHandler
                0x0000000008000790       0x24 Stm32_F103C6_Drivers/EXTI/stm32_F103C6_EXTI_driver.o
                0x0000000008000790                EXTI4_IRQHandler
 .text.EXTI9_5_IRQHandler
                0x00000000080007b4       0xa8 Stm32_F103C6_Drivers/EXTI/stm32_F103C6_EXTI_driver.o
                0x00000000080007b4                EXTI9_5_IRQHandler
 .text.EXTI15_10_IRQHandler
                0x000000000800085c       0xc4 Stm32_F103C6_Drivers/EXTI/stm32_F103C6_EXTI_driver.o
                0x000000000800085c                EXTI15_10_IRQHandler
 .text.MCAL_GPIO_Enable_ClocK
                0x0000000008000920       0x7c Stm32_F103C6_Drivers/GPIO/stm32_F103C6_gpio_driver.o
                0x0000000008000920                MCAL_GPIO_Enable_ClocK
 .text.Get_Pos_CRLH
                0x000000000800099c       0xc6 Stm32_F103C6_Drivers/GPIO/stm32_F103C6_gpio_driver.o
                0x000000000800099c                Get_Pos_CRLH
 .text.MCAL_GPIO_Init
                0x0000000008000a62      0x148 Stm32_F103C6_Drivers/GPIO/stm32_F103C6_gpio_driver.o
                0x0000000008000a62                MCAL_GPIO_Init
 .text.MCAL_GPIO_WritePin
                0x0000000008000baa       0x32 Stm32_F103C6_Drivers/GPIO/stm32_F103C6_gpio_driver.o
                0x0000000008000baa                MCAL_GPIO_WritePin
 .text.TIM_Init
                0x0000000008000bdc      0x128 Stm32_F103C6_Drivers/Timer/stm32f103x8_timer.o
                0x0000000008000bdc                TIM_Init
 .text.TIM_Start
                0x0000000008000d04       0x7c Stm32_F103C6_Drivers/Timer/stm32f103x8_timer.o
                0x0000000008000d04                TIM_Start
 .text.TIM_Stop
                0x0000000008000d80       0x7c Stm32_F103C6_Drivers/Timer/stm32f103x8_timer.o
                0x0000000008000d80                TIM_Stop
 .text.TIM1_UP_IRQHandler
                0x0000000008000dfc       0x38 Stm32_F103C6_Drivers/Timer/stm32f103x8_timer.o
                0x0000000008000dfc                TIM1_UP_IRQHandler
 .text.TIM2_IRQHandler
                0x0000000008000e34       0x38 Stm32_F103C6_Drivers/Timer/stm32f103x8_timer.o
                0x0000000008000e34                TIM2_IRQHandler
 .text.TIM3_IRQHandler
                0x0000000008000e6c       0x38 Stm32_F103C6_Drivers/Timer/stm32f103x8_timer.o
                0x0000000008000e6c                TIM3_IRQHandler
 .text.TIM4_IRQHandler
                0x0000000008000ea4       0x38 Stm32_F103C6_Drivers/Timer/stm32f103x8_timer.o
                0x0000000008000ea4                TIM4_IRQHandler
 .text.USART1_IRQHandler
                0x0000000008000edc       0x14 Stm32_F103C6_Drivers/USART/uart.o
                0x0000000008000edc                USART1_IRQHandler
 .text.USART2_IRQHandler
                0x0000000008000ef0       0x14 Stm32_F103C6_Drivers/USART/uart.o
                0x0000000008000ef0                USART2_IRQHandler
 .text.USART3_IRQHandler
                0x0000000008000f04       0x14 Stm32_F103C6_Drivers/USART/uart.o
                0x0000000008000f04                USART3_IRQHandler
 .text.__libc_init_array
                0x0000000008000f18       0x48 c:/st/stm32cubeide_1.4.0/stm32cubeide/plugins/com.st.stm32cube.ide.mcu.externaltools.gnu-tools-for-stm32.7-2018-q2-update.win32_1.4.0.202007081208/tools/bin/../lib/gcc/arm-none-eabi/7.3.1/../../../../arm-none-eabi/lib/thumb/v7-m\libc_nano.a(lib_a-init.o)
                0x0000000008000f18                __libc_init_array
 .text.memcpy   0x0000000008000f60       0x16 c:/st/stm32cubeide_1.4.0/stm32cubeide/plugins/com.st.stm32cube.ide.mcu.externaltools.gnu-tools-for-stm32.7-2018-q2-update.win32_1.4.0.202007081208/tools/bin/../lib/gcc/arm-none-eabi/7.3.1/../../../../arm-none-eabi/lib/thumb/v7-m\libc_nano.a(lib_a-memcpy-stub.o)
                0x0000000008000f60                memcpy
 *(.glue_7)
 .glue_7        0x0000000008000f76        0x0 linker stubs
 *(.glue_7t)
 .glue_7t       0x0000000008000f76        0x0 linker stubs
 *(.eh_frame)
 *fill*         0x0000000008000f76        0x2 
 .eh_frame      0x0000000008000f78        0x0 c:/st/stm32cubeide_1.4.0/stm32cubeide/plugins/com.st.stm32cube.ide.mcu.externaltools.gnu-tools-for-stm32.7-2018-q2-update.win32_1.4.0.202007081208/tools/bin/../lib/gcc/arm-none-eabi/7.3.1/thumb/v7-m/crtbegin.o
 *(.init)
 .init          0x0000000008000f78        0x4 c:/st/stm32cubeide_1.4.0/stm32cubeide/plugins/com.st.stm32cube.ide.mcu.externaltools.gnu-tools-for-stm32.7-2018-q2-update.win32_1.4.0.202007081208/tools/bin/../lib/gcc/arm-none-eabi/7.3.1/thumb/v7-m/crti.o
                0x0000000008000f78                _init
 .init          0x0000000008000f7c        0x8 c:/st/stm32cubeide_1.4.0/stm32cubeide/plugins/com.st.stm32cube.ide.mcu.externaltools.gnu-tools-for-stm32.7-2018-q2-update.win32_1.4.0.202007081208/tools/bin/../lib/gcc/arm-none-eabi/7.3.1/thumb/v7-m/crtn.o
 *(.fini)
 .fini          0x0000000008000f84        0x4 c:/st/stm32cubeide_1.4.0/stm32cubeide/plugins/com.st.stm32cube.ide.mcu.externaltools.gnu-tools-for-stm32.7-2018-q2-update.win32_1.4.0.202007081208/tools/bin/../lib/gcc/arm-none-eabi/7.3.1/thumb/v7-m/crti.o
                0x0000000008000f84                _fini
 .fini          0x0000000008000f88        0x8 c:/st/stm32cubeide_1.4.0/stm32cubeide/plugins/com.st.stm32cube.ide.mcu.externaltools.gnu-tools-for-stm32.7-2018-q2-update.win32_1.4.0.202007081208/tools/bin/../lib/gcc/arm-none-eabi/7.3.1/thumb/v7-m/crtn.o
                0x0000000008000f90                . = ALIGN (0x4)
                0x0000000008000f90                _etext = .

.vfp11_veneer   0x0000000008000f90        0x0
 .vfp11_veneer  0x0000000008000f90        0x0 linker stubs

.v4_bx          0x0000000008000f90        0x0
 .v4_bx         0x0000000008000f90        0x0 linker stubs

.iplt           0x0000000008000f90        0x0
 .iplt          0x0000000008000f90        0x0 c:/st/stm32cubeide_1.4.0/stm32cubeide/plugins/com.st.stm32cube.ide.mcu.externaltools.gnu-tools-for-stm32.7-2018-q2-update.win32_1.4.0.202007081208/tools/bin/../lib/gcc/arm-none-eabi/7.3.1/thumb/v7-m/crtbegin.o

.rodata         0x0000000008000f90       0x50
                0x0000000008000f90                . = ALIGN (0x4)
 *(.rodata)
 .rodata        0x0000000008000f90       0x50 Src/main.o
 *(.rodata*)
                0x0000000008000fe0                . = ALIGN (0x4)

.rel.dyn        0x0000000008000fe0        0x0
 .rel.iplt      0x0000000008000fe0        0x0 c:/st/stm32cubeide_1.4.0/stm32cubeide/plugins/com.st.stm32cube.ide.mcu.externaltools.gnu-tools-for-stm32.7-2018-q2-update.win32_1.4.0.202007081208/tools/bin/../lib/gcc/arm-none-eabi/7.3.1/thumb/v7-m/crtbegin.o

.ARM.extab      0x0000000008000fe0        0x0
                0x0000000008000fe0                . = ALIGN (0x4)
 *(.ARM.extab* .gnu.linkonce.armextab.*)
                0x0000000008000fe0                . = ALIGN (0x4)

.ARM            0x0000000008000fe0        0x0
                0x0000000008000fe0                . = ALIGN (0x4)
                0x0000000008000fe0                __exidx_start = .
 *(.ARM.exidx*)
                0x0000000008000fe0                __exidx_end = .
                0x0000000008000fe0                . = ALIGN (0x4)

.preinit_array  0x0000000008000fe0        0x0
                0x0000000008000fe0                . = ALIGN (0x4)
                0x0000000008000fe0                PROVIDE (__preinit_array_start = .)
 *(.preinit_array*)
                0x0000000008000fe0                PROVIDE (__preinit_array_end = .)
                0x0000000008000fe0                . = ALIGN (0x4)

.init_array     0x0000000008000fe0        0x4
                0x0000000008000fe0                . = ALIGN (0x4)
                0x0000000008000fe0                PROVIDE (__init_array_start = .)
 *(SORT_BY_NAME(.init_array.*))
 *(.init_array*)
 .init_array    0x0000000008000fe0        0x4 c:/st/stm32cubeide_1.4.0/stm32cubeide/plugins/com.st.stm32cube.ide.mcu.externaltools.gnu-tools-for-stm32.7-2018-q2-update.win32_1.4.0.202007081208/tools/bin/../lib/gcc/arm-none-eabi/7.3.1/thumb/v7-m/crtbegin.o
                0x0000000008000fe4                PROVIDE (__init_array_end = .)
                0x0000000008000fe4                . = ALIGN (0x4)

.fini_array     0x0000000008000fe4        0x4
                0x0000000008000fe4                . = ALIGN (0x4)
                [!provide]                        PROVIDE (__fini_array_start = .)
 *(SORT_BY_NAME(.fini_array.*))
 *(.fini_array*)
 .fini_array    0x0000000008000fe4        0x4 c:/st/stm32cubeide_1.4.0/stm32cubeide/plugins/com.st.stm32cube.ide.mcu.externaltools.gnu-tools-for-stm32.7-2018-q2-update.win32_1.4.0.202007081208/tools/bin/../lib/gcc/arm-none-eabi/7.3.1/thumb/v7-m/crtbegin.o
                [!provide]                        PROVIDE (__fini_array_end = .)
                0x0000000008000fe8                . = ALIGN (0x4)
                0x0000000008000fe8                _sidata = LOADADDR (.data)

.data           0x0000000020000000        0x0 load address 0x0000000008000fe8
                0x0000000020000000                . = ALIGN (0x4)
                0x0000000020000000                _sdata = .
 *(.data)
 *(.data*)
                0x0000000020000000                . = ALIGN (0x4)
                0x0000000020000000                _edata = .

.igot.plt       0x0000000020000000        0x0 load address 0x0000000008000fe8
 .igot.plt      0x0000000020000000        0x0 c:/st/stm32cubeide_1.4.0/stm32cubeide/plugins/com.st.stm32cube.ide.mcu.externaltools.gnu-tools-for-stm32.7-2018-q2-update.win32_1.4.0.202007081208/tools/bin/../lib/gcc/arm-none-eabi/7.3.1/thumb/v7-m/crtbegin.o
                0x0000000020000000                . = ALIGN (0x4)

.bss            0x0000000020000000       0x70 load address 0x0000000008000fe8
                0x0000000020000000                _sbss = .
                0x0000000020000000                __bss_start__ = _sbss
 *(.bss)
 .bss           0x0000000020000000       0x1c c:/st/stm32cubeide_1.4.0/stm32cubeide/plugins/com.st.stm32cube.ide.mcu.externaltools.gnu-tools-for-stm32.7-2018-q2-update.win32_1.4.0.202007081208/tools/bin/../lib/gcc/arm-none-eabi/7.3.1/thumb/v7-m/crtbegin.o
 *(.bss*)
 .bss.TIM1_Callback
                0x000000002000001c        0x4 Stm32_F103C6_Drivers/Timer/stm32f103x8_timer.o
 .bss.TIM2_Callback
                0x0000000020000020        0x4 Stm32_F103C6_Drivers/Timer/stm32f103x8_timer.o
 .bss.TIM3_Callback
                0x0000000020000024        0x4 Stm32_F103C6_Drivers/Timer/stm32f103x8_timer.o
 .bss.TIM4_Callback
                0x0000000020000028        0x4 Stm32_F103C6_Drivers/Timer/stm32f103x8_timer.o
 .bss.Global_config
                0x000000002000002c        0x4 Stm32_F103C6_Drivers/USART/uart.o
                0x000000002000002c                Global_config
 *(COMMON)
 COMMON         0x0000000020000030       0x40 Stm32_F103C6_Drivers/EXTI/stm32_F103C6_EXTI_driver.o
                0x0000000020000030                GP_FuncCallBack
                0x0000000020000070                . = ALIGN (0x4)
                0x0000000020000070                _ebss = .
                0x0000000020000070                __bss_end__ = _ebss

._user_heap_stack
                0x0000000020000070      0x600 load address 0x0000000008000fe8
                0x0000000020000070                . = ALIGN (0x8)
                [!provide]                        PROVIDE (end = .)
                0x0000000020000070                PROVIDE (_end = .)
                0x0000000020000270                . = (. + _Min_Heap_Size)
 *fill*         0x0000000020000070      0x200 
                0x0000000020000670                . = (. + _Min_Stack_Size)
 *fill*         0x0000000020000270      0x400 
                0x0000000020000670                . = ALIGN (0x8)

/DISCARD/
 libc.a(*)
 libm.a(*)
 libgcc.a(*)

.ARM.attributes
                0x0000000000000000       0x29
 *(.ARM.attributes)
 .ARM.attributes
                0x0000000000000000       0x1d c:/st/stm32cubeide_1.4.0/stm32cubeide/plugins/com.st.stm32cube.ide.mcu.externaltools.gnu-tools-for-stm32.7-2018-q2-update.win32_1.4.0.202007081208/tools/bin/../lib/gcc/arm-none-eabi/7.3.1/thumb/v7-m/crti.o
 .ARM.attributes
                0x000000000000001d       0x2d c:/st/stm32cubeide_1.4.0/stm32cubeide/plugins/com.st.stm32cube.ide.mcu.externaltools.gnu-tools-for-stm32.7-2018-q2-update.win32_1.4.0.202007081208/tools/bin/../lib/gcc/arm-none-eabi/7.3.1/thumb/v7-m/crtbegin.o
 .ARM.attributes
                0x000000000000004a       0x33 HAL/Motor/Motor_L298N.o
 .ARM.attributes
                0x000000000000007d       0x33 Src/main.o
 .ARM.attributes
                0x00000000000000b0       0x21 Startup/startup_stm32f103c8tx.o
 .ARM.attributes
                0x00000000000000d1       0x33 Stm32_F103C6_Drivers/EXTI/stm32_F103C6_EXTI_driver.o
 .ARM.attributes
                0x0000000000000104       0x33 Stm32_F103C6_Drivers/GPIO/stm32_F103C6_gpio_driver.o
 .ARM.attributes
                0x0000000000000137       0x33 Stm32_F103C6_Drivers/Timer/stm32f103x8_timer.o
 .ARM.attributes
                0x000000000000016a       0x33 Stm32_F103C6_Drivers/USART/uart.o
 .ARM.attributes
                0x000000000000019d       0x2d c:/st/stm32cubeide_1.4.0/stm32cubeide/plugins/com.st.stm32cube.ide.mcu.externaltools.gnu-tools-for-stm32.7-2018-q2-update.win32_1.4.0.202007081208/tools/bin/../lib/gcc/arm-none-eabi/7.3.1/../../../../arm-none-eabi/lib/thumb/v7-m\libc_nano.a(lib_a-init.o)
 .ARM.attributes
                0x00000000000001ca       0x2d c:/st/stm32cubeide_1.4.0/stm32cubeide/plugins/com.st.stm32cube.ide.mcu.externaltools.gnu-tools-for-stm32.7-2018-q2-update.win32_1.4.0.202007081208/tools/bin/../lib/gcc/arm-none-eabi/7.3.1/../../../../arm-none-eabi/lib/thumb/v7-m\libc_nano.a(lib_a-memcpy-stub.o)
 .ARM.attributes
                0x00000000000001f7       0x1d c:/st/stm32cubeide_1.4.0/stm32cubeide/plugins/com.st.stm32cube.ide.mcu.externaltools.gnu-tools-for-stm32.7-2018-q2-update.win32_1.4.0.202007081208/tools/bin/../lib/gcc/arm-none-eabi/7.3.1/thumb/v7-m/crtn.o
OUTPUT(B_Drivers.elf elf32-littlearm)

.debug_info     0x0000000000000000     0x4a6a
 .debug_info    0x0000000000000000      0xdc3 HAL/Motor/Motor_L298N.o
 .debug_info    0x0000000000000dc3      0xb5c Src/main.o
 .debug_info    0x000000000000191f       0x22 Startup/startup_stm32f103c8tx.o
 .debug_info    0x0000000000001941      0xc0f Stm32_F103C6_Drivers/EXTI/stm32_F103C6_EXTI_driver.o
 .debug_info    0x0000000000002550      0xc41 Stm32_F103C6_Drivers/GPIO/stm32_F103C6_gpio_driver.o
 .debug_info    0x0000000000003191      0xc00 Stm32_F103C6_Drivers/Timer/stm32f103x8_timer.o
 .debug_info    0x0000000000003d91      0xcd9 Stm32_F103C6_Drivers/USART/uart.o

.debug_abbrev   0x0000000000000000      0xcb5
 .debug_abbrev  0x0000000000000000      0x1f0 HAL/Motor/Motor_L298N.o
 .debug_abbrev  0x00000000000001f0      0x219 Src/main.o
 .debug_abbrev  0x0000000000000409       0x12 Startup/startup_stm32f103c8tx.o
 .debug_abbrev  0x000000000000041b      0x226 Stm32_F103C6_Drivers/EXTI/stm32_F103C6_EXTI_driver.o
 .debug_abbrev  0x0000000000000641      0x23d Stm32_F103C6_Drivers/GPIO/stm32_F103C6_gpio_driver.o
 .debug_abbrev  0x000000000000087e      0x1e9 Stm32_F103C6_Drivers/Timer/stm32f103x8_timer.o
 .debug_abbrev  0x0000000000000a67      0x24e Stm32_F103C6_Drivers/USART/uart.o

.debug_aranges  0x0000000000000000      0x260
 .debug_aranges
                0x0000000000000000       0x68 HAL/Motor/Motor_L298N.o
 .debug_aranges
                0x0000000000000068       0x30 Src/main.o
 .debug_aranges
                0x0000000000000098       0x28 Startup/startup_stm32f103c8tx.o
 .debug_aranges
                0x00000000000000c0       0x70 Stm32_F103C6_Drivers/EXTI/stm32_F103C6_EXTI_driver.o
 .debug_aranges
                0x0000000000000130       0x70 Stm32_F103C6_Drivers/GPIO/stm32_F103C6_gpio_driver.o
 .debug_aranges
                0x00000000000001a0       0x58 Stm32_F103C6_Drivers/Timer/stm32f103x8_timer.o
 .debug_aranges
                0x00000000000001f8       0x68 Stm32_F103C6_Drivers/USART/uart.o

.debug_ranges   0x0000000000000000      0x1f8
 .debug_ranges  0x0000000000000000       0x58 HAL/Motor/Motor_L298N.o
 .debug_ranges  0x0000000000000058       0x20 Src/main.o
 .debug_ranges  0x0000000000000078       0x20 Startup/startup_stm32f103c8tx.o
 .debug_ranges  0x0000000000000098       0x60 Stm32_F103C6_Drivers/EXTI/stm32_F103C6_EXTI_driver.o
 .debug_ranges  0x00000000000000f8       0x60 Stm32_F103C6_Drivers/GPIO/stm32_F103C6_gpio_driver.o
 .debug_ranges  0x0000000000000158       0x48 Stm32_F103C6_Drivers/Timer/stm32f103x8_timer.o
 .debug_ranges  0x00000000000001a0       0x58 Stm32_F103C6_Drivers/USART/uart.o

.debug_macro    0x0000000000000000     0x3762
 .debug_macro   0x0000000000000000      0x1ff HAL/Motor/Motor_L298N.o
 .debug_macro   0x00000000000001ff      0xa60 HAL/Motor/Motor_L298N.o
 .debug_macro   0x0000000000000c5f       0x10 HAL/Motor/Motor_L298N.o
 .debug_macro   0x0000000000000c6f       0x22 HAL/Motor/Motor_L298N.o
 .debug_macro   0x0000000000000c91       0x40 HAL/Motor/Motor_L298N.o
 .debug_macro   0x0000000000000cd1       0x18 HAL/Motor/Motor_L298N.o
 .debug_macro   0x0000000000000ce9       0x94 HAL/Motor/Motor_L298N.o
 .debug_macro   0x0000000000000d7d       0x3c HAL/Motor/Motor_L298N.o
 .debug_macro   0x0000000000000db9       0x34 HAL/Motor/Motor_L298N.o
 .debug_macro   0x0000000000000ded       0x16 HAL/Motor/Motor_L298N.o
 .debug_macro   0x0000000000000e03       0x57 HAL/Motor/Motor_L298N.o
 .debug_macro   0x0000000000000e5a       0x97 HAL/Motor/Motor_L298N.o
 .debug_macro   0x0000000000000ef1      0x330 HAL/Motor/Motor_L298N.o
 .debug_macro   0x0000000000001221       0xfd HAL/Motor/Motor_L298N.o
 .debug_macro   0x000000000000131e       0x10 HAL/Motor/Motor_L298N.o
 .debug_macro   0x000000000000132e       0x52 HAL/Motor/Motor_L298N.o
 .debug_macro   0x0000000000001380       0x1f HAL/Motor/Motor_L298N.o
 .debug_macro   0x000000000000139f       0x43 HAL/Motor/Motor_L298N.o
 .debug_macro   0x00000000000013e2       0x20 HAL/Motor/Motor_L298N.o
 .debug_macro   0x0000000000001402      0x1a3 HAL/Motor/Motor_L298N.o
 .debug_macro   0x00000000000015a5       0x10 HAL/Motor/Motor_L298N.o
 .debug_macro   0x00000000000015b5       0x6a HAL/Motor/Motor_L298N.o
 .debug_macro   0x000000000000161f       0x1c HAL/Motor/Motor_L298N.o
 .debug_macro   0x000000000000163b       0x52 HAL/Motor/Motor_L298N.o
 .debug_macro   0x000000000000168d       0x40 HAL/Motor/Motor_L298N.o
 .debug_macro   0x00000000000016cd       0x10 HAL/Motor/Motor_L298N.o
 .debug_macro   0x00000000000016dd       0x40 HAL/Motor/Motor_L298N.o
 .debug_macro   0x000000000000171d       0xd7 HAL/Motor/Motor_L298N.o
 .debug_macro   0x00000000000017f4       0x1c HAL/Motor/Motor_L298N.o
 .debug_macro   0x0000000000001810       0x3d HAL/Motor/Motor_L298N.o
 .debug_macro   0x000000000000184d       0x16 HAL/Motor/Motor_L298N.o
 .debug_macro   0x0000000000001863      0x145 HAL/Motor/Motor_L298N.o
 .debug_macro   0x00000000000019a8       0x16 HAL/Motor/Motor_L298N.o
 .debug_macro   0x00000000000019be       0x35 HAL/Motor/Motor_L298N.o
 .debug_macro   0x00000000000019f3       0x16 HAL/Motor/Motor_L298N.o
 .debug_macro   0x0000000000001a09       0x29 HAL/Motor/Motor_L298N.o
 .debug_macro   0x0000000000001a32      0x3a8 HAL/Motor/Motor_L298N.o
 .debug_macro   0x0000000000001dda       0xd0 HAL/Motor/Motor_L298N.o
 .debug_macro   0x0000000000001eaa      0x226 Src/main.o
 .debug_macro   0x00000000000020d0       0x10 Src/main.o
 .debug_macro   0x00000000000020e0       0xcf Src/main.o
 .debug_macro   0x00000000000021af       0xbe Src/main.o
 .debug_macro   0x000000000000226d      0x51a Src/main.o
 .debug_macro   0x0000000000002787      0x130 Src/main.o
 .debug_macro   0x00000000000028b7      0x201 Stm32_F103C6_Drivers/EXTI/stm32_F103C6_EXTI_driver.o
 .debug_macro   0x0000000000002ab8      0x3a8 Stm32_F103C6_Drivers/EXTI/stm32_F103C6_EXTI_driver.o
 .debug_macro   0x0000000000002e60      0x22c Stm32_F103C6_Drivers/EXTI/stm32_F103C6_EXTI_driver.o
 .debug_macro   0x000000000000308c      0x1e8 Stm32_F103C6_Drivers/GPIO/stm32_F103C6_gpio_driver.o
 .debug_macro   0x0000000000003274      0x1e3 Stm32_F103C6_Drivers/Timer/stm32f103x8_timer.o
 .debug_macro   0x0000000000003457      0x20d Stm32_F103C6_Drivers/USART/uart.o
 .debug_macro   0x0000000000003664       0x16 Stm32_F103C6_Drivers/USART/uart.o
 .debug_macro   0x000000000000367a       0xe8 Stm32_F103C6_Drivers/USART/uart.o

.debug_line     0x0000000000000000     0x2c10
 .debug_line    0x0000000000000000      0x767 HAL/Motor/Motor_L298N.o
 .debug_line    0x0000000000000767      0x6b5 Src/main.o
 .debug_line    0x0000000000000e1c       0x84 Startup/startup_stm32f103c8tx.o
 .debug_line    0x0000000000000ea0      0x7d1 Stm32_F103C6_Drivers/EXTI/stm32_F103C6_EXTI_driver.o
 .debug_line    0x0000000000001671      0x77f Stm32_F103C6_Drivers/GPIO/stm32_F103C6_gpio_driver.o
 .debug_line    0x0000000000001df0      0x6bc Stm32_F103C6_Drivers/Timer/stm32f103x8_timer.o
 .debug_line    0x00000000000024ac      0x764 Stm32_F103C6_Drivers/USART/uart.o

.debug_str      0x0000000000000000     0xc275
 .debug_str     0x0000000000000000     0x9205 HAL/Motor/Motor_L298N.o
                                       0x93f4 (size before relaxing)
 .debug_str     0x0000000000009205     0x1066 Src/main.o
                                       0xa2ca (size before relaxing)
 .debug_str     0x000000000000a26b       0x31 Startup/startup_stm32f103c8tx.o
                                         0x73 (size before relaxing)
 .debug_str     0x000000000000a29c     0x1512 Stm32_F103C6_Drivers/EXTI/stm32_F103C6_EXTI_driver.o
                                       0xa6a4 (size before relaxing)
 .debug_str     0x000000000000b7ae      0x164 Stm32_F103C6_Drivers/GPIO/stm32_F103C6_gpio_driver.o
                                       0x92fa (size before relaxing)
 .debug_str     0x000000000000b912       0xe2 Stm32_F103C6_Drivers/Timer/stm32f103x8_timer.o
                                       0x8eba (size before relaxing)
 .debug_str     0x000000000000b9f4      0x881 Stm32_F103C6_Drivers/USART/uart.o
                                       0xace2 (size before relaxing)

.comment        0x0000000000000000       0x7b
 .comment       0x0000000000000000       0x7b HAL/Motor/Motor_L298N.o
                                         0x7c (size before relaxing)
 .comment       0x000000000000007b       0x7c Src/main.o
 .comment       0x000000000000007b       0x7c Stm32_F103C6_Drivers/EXTI/stm32_F103C6_EXTI_driver.o
 .comment       0x000000000000007b       0x7c Stm32_F103C6_Drivers/GPIO/stm32_F103C6_gpio_driver.o
 .comment       0x000000000000007b       0x7c Stm32_F103C6_Drivers/Timer/stm32f103x8_timer.o
 .comment       0x000000000000007b       0x7c Stm32_F103C6_Drivers/USART/uart.o

.debug_frame    0x0000000000000000      0x808
 .debug_frame   0x0000000000000000      0x17c HAL/Motor/Motor_L298N.o
 .debug_frame   0x000000000000017c       0x78 Src/main.o
 .debug_frame   0x00000000000001f4      0x168 Stm32_F103C6_Drivers/EXTI/stm32_F103C6_EXTI_driver.o
 .debug_frame   0x000000000000035c      0x1c8 Stm32_F103C6_Drivers/GPIO/stm32_F103C6_gpio_driver.o
 .debug_frame   0x0000000000000524      0x120 Stm32_F103C6_Drivers/Timer/stm32f103x8_timer.o
 .debug_frame   0x0000000000000644      0x170 Stm32_F103C6_Drivers/USART/uart.o
 .debug_frame   0x00000000000007b4       0x2c c:/st/stm32cubeide_1.4.0/stm32cubeide/plugins/com.st.stm32cube.ide.mcu.externaltools.gnu-tools-for-stm32.7-2018-q2-update.win32_1.4.0.202007081208/tools/bin/../lib/gcc/arm-none-eabi/7.3.1/../../../../arm-none-eabi/lib/thumb/v7-m\libc_nano.a(lib_a-init.o)
 .debug_frame   0x00000000000007e0       0x28 c:/st/stm32cubeide_1.4.0/stm32cubeide/plugins/com.st.stm32cube.ide.mcu.externaltools.gnu-tools-for-stm32.7-2018-q2-update.win32_1.4.0.202007081208/tools/bin/../lib/gcc/arm-none-eabi/7.3.1/../../../../arm-none-eabi/lib/thumb/v7-m\libc_nano.a(lib_a-memcpy-stub.o)
