STM32_TIMERS_DRIVER.c:40:6:PWM	40	static
STM32_TIMERS_DRIVER.c:279:6:stepper_motor_steps	40	static
STM32_TIMERS_DRIVER.c:395:6:delay	40	static
STM32_TIMERS_DRIVER.c:462:6:TIMER_ISR	40	static
STM32_TIMERS_DRIVER.c:513:10:TIME_CALCULATION	24	static
STM32_TIMERS_DRIVER.c:545:6:SPWM_SINGLE_PHASE_INIT	32	static
STM32_TIMERS_DRIVER.c:578:6:SPWM_timer_INIT	24	static
STM32_TIMERS_DRIVER.c:640:6:SPWM_WRITE	32	static
STM32_TIMERS_DRIVER.c:663:6:TIM2_IRQHandler	4	static
STM32_TIMERS_DRIVER.c:670:6:TIM3_IRQHandler	8	static
STM32_TIMERS_DRIVER.c:694:6:TIM4_IRQHandler	4	static
STM32_TIMERS_DRIVER.c:701:6:TIM1_UP_IRQHandler	8	static
