ultrasonic.c:37:13:Ultrasonic_EXTI0_Wrapper	8	static
ultrasonic.c:38:13:Ultrasonic_EXTI1_Wrapper	8	static
ultrasonic.c:39:13:Ultrasonic_EXTI2_Wrapper	8	static
ultrasonic.c:40:13:Ultrasonic_EXTI3_Wrapper	8	static
ultrasonic.c:41:13:Ultrasonic_EXTI4_Wrapper	8	static
ultrasonic.c:42:13:Ultrasonic_EXTI5_Wrapper	8	static
ultrasonic.c:43:13:Ultrasonic_EXTI6_Wrapper	8	static
ultrasonic.c:44:13:Ultrasonic_EXTI7_Wrapper	8	static
ultrasonic.c:45:13:Ultrasonic_EXTI8_Wrapper	8	static
ultrasonic.c:46:13:Ultrasonic_EXTI9_Wrapper	8	static
ultrasonic.c:47:13:Ultrasonic_EXTI10_Wrapper	8	static
ultrasonic.c:48:13:Ultrasonic_EXTI11_Wrapper	8	static
ultrasonic.c:49:13:Ultrasonic_EXTI12_Wrapper	8	static
ultrasonic.c:50:13:Ultrasonic_EXTI13_Wrapper	8	static
ultrasonic.c:51:13:Ultrasonic_EXTI14_Wrapper	8	static
ultrasonic.c:52:13:Ultrasonic_EXTI15_Wrapper	8	static
ultrasonic.c:67:6:HAL_ULTRASONIC_Init	64	static
ultrasonic.c:153:6:HAL_ULTRASONIC_StartMeasurement	24	static
ultrasonic.c:196:10:HAL_ULTRASONIC_GetDistance	24	static
ultrasonic.c:237:9:HAL_ULTRASONIC_IsReady	24	static
ultrasonic.c:254:13:Handle_Ultrasonic_Interrupt	32	static
