stm32_F103C6_gpio_driver.c:27:6:MCAL_GPIO_Enable_ClocK	16	static
stm32_F103C6_gpio_driver.c:61:6:MCAL_GPIO_Diable_ClocK	16	static
stm32_F103C6_gpio_driver.c:95:9:Get_Pos_CRLH	16	static
stm32_F103C6_gpio_driver.c:166:6:MCAL_GPIO_Init	32	static
stm32_F103C6_gpio_driver.c:217:6:MCAL_GPIO_DInit	16	static
stm32_F103C6_gpio_driver.c:258:10:MCAL_GPIO_ReadPin	16	static
stm32_F103C6_gpio_driver.c:273:10:MCAL_GPIO_ReadPort	16	static
stm32_F103C6_gpio_driver.c:289:6:MCAL_GPIO_WritePin	16	static
stm32_F103C6_gpio_driver.c:315:6:MCAL_GPIO_WritePort	16	static
stm32_F103C6_gpio_driver.c:333:6:MCAL_GPIO_TogglePin	16	static
stm32_F103C6_gpio_driver.c:348:9:MCAL_GPIO_LockPin	24	static
stm32_F103C6_gpio_driver.c:391:9:getposition	24	static
stm32_F103C6_gpio_driver.c:453:6:pinmode	24	static
stm32_F103C6_gpio_driver.c:516:6:pinwrite	16	static
stm32_F103C6_gpio_driver.c:533:6:WRITE_PORT	16	static
stm32_F103C6_gpio_driver.c:548:6:set_Value_PORT	16	static
stm32_F103C6_gpio_driver.c:563:6:res_Value_PORT	16	static
stm32_F103C6_gpio_driver.c:576:9:READ_PIN	16	static
stm32_F103C6_gpio_driver.c:588:10:READ_PORT	16	static
